[2026-09-24 09:05:54,491] turin-xcovoid0021-pod-5/INFO/locust.main: Starting Locust 2.46.6
[2026-09-24 09:05:54,514] turin-xcovoid0021-pod-5/INFO/locust.main: Run time limit set to 300 seconds
[2026-09-24 09:05:54,531] turin-xcovoid0021-pod-5/INFO/locust.runners: Ramping to 16 users at a rate of 1.00 per second
[2026-09-24 09:06:09,636] turin-xcovoid0021-pod-5/INFO/locust.runners: All users spawned: {"LLMUser": 16} (16 total users)
[2026-09-24 09:10:53,975] turin-xcovoid0021-pod-5/INFO/locust.main: --run-time limit reached, shutting down
[2026-09-24 09:10:54,304] turin-xcovoid0021-pod-5/INFO/locust.main: Shutting down (exit code 0)
Type     Name                                                                          # reqs      # fails |    Avg     Min     Max    Med |   req/s  failures/s
--------|----------------------------------------------------------------------------|-------|-------------|-------|-------|-------|-------|--------|-----------
POST     completion                                                                        62     0(0.00%) |  65377   54367   81890  62000 |    0.21        0.00
TPOT     completion                                                                        62     0(0.00%) |    478     385     610    460 |    0.21        0.00
TTFT     completion                                                                        62     0(0.00%) |   4622    3717    6224   4500 |    0.21        0.00
--------|----------------------------------------------------------------------------|-------|-------------|-------|-------|-------|-------|--------|-----------
         Aggregated                                                                       186     0(0.00%) |  23492     385   81890   4500 |    0.62        0.00

Response time percentiles (approximated)
Type     Name                                                                                  50%    66%    75%    80%    90%    95%    98%    99%  99.9% 99.99%   100% # reqs
--------|--------------------------------------------------------------------------------|--------|------|------|------|------|------|------|------|------|------|------|------
POST     completion                                                                          62000  67000  71000  71000  74000  78000  80000  82000  82000  82000  82000     62
TPOT     completion                                                                            460    490    520    520    540    570    590    610    610    610    610     62
TTFT     completion                                                                           4500   4700   4700   4800   5300   5600   6200   6200   6200   6200   6200     62
--------|--------------------------------------------------------------------------------|--------|------|------|------|------|------|------|------|------|------|------|------
         Aggregated                                                                           4500   6200  61000  62000  70000  72000  78000  80000  82000  82000  82000    186

