[2026-09-23 08:42:31,937] turin-xcovoid0021-pod-5/INFO/locust.main: Starting Locust 2.46.6
[2026-09-23 08:42:31,978] turin-xcovoid0021-pod-5/INFO/locust.main: Run time limit set to 300 seconds
[2026-09-23 08:42:31,992] turin-xcovoid0021-pod-5/INFO/locust.runners: Ramping to 8 users at a rate of 1.00 per second
[2026-09-23 08:42:39,002] turin-xcovoid0021-pod-5/INFO/locust.runners: All users spawned: {"LLMUser": 8} (8 total users)
[2026-09-23 08:47:31,619] turin-xcovoid0021-pod-5/INFO/locust.main: --run-time limit reached, shutting down
[2026-09-23 08:47:31,854] turin-xcovoid0021-pod-5/INFO/locust.main: Shutting down (exit code 0)
Type     Name                                                                          # reqs      # fails |    Avg     Min     Max    Med |   req/s  failures/s
--------|----------------------------------------------------------------------------|-------|-------------|-------|-------|-------|-------|--------|-----------
POST     completion                                                                        32     0(0.00%) |  39464    2017   62728  48000 |    0.12        0.00
TPOT     completion                                                                        30     0(0.00%) |    303     120     475    360 |    0.11        0.00
TTFT     completion                                                                        32     0(0.00%) |   3305    1622   13435   2100 |    0.12        0.00
--------|----------------------------------------------------------------------------|-------|-------------|-------|-------|-------|-------|--------|-----------
         Aggregated                                                                        94     0(0.00%) |  14656     120   62728   2100 |    0.34        0.00

Response time percentiles (approximated)
Type     Name                                                                                  50%    66%    75%    80%    90%    95%    98%    99%  99.9% 99.99%   100% # reqs
--------|--------------------------------------------------------------------------------|--------|------|------|------|------|------|------|------|------|------|------|------
POST     completion                                                                          48000  51000  52000  53000  56000  62000  63000  63000  63000  63000  63000     32
TPOT     completion                                                                            360    380    400    410    460    470    480    480    480    480    480     30
TTFT     completion                                                                           2100   2800   4000   4400   7200   8200  13000  13000  13000  13000  13000     32
--------|--------------------------------------------------------------------------------|--------|------|------|------|------|------|------|------|------|------|------|------
         Aggregated                                                                           2100   8200  30000  34000  51000  54000  62000  63000  63000  63000  63000     94

