[2026-09-25 06:49:31,054] turin-xcovoid0021-pod-5/INFO/locust.main: Starting Locust 2.46.6
[2026-09-25 06:49:31,064] turin-xcovoid0021-pod-5/INFO/locust.main: Run time limit set to 300 seconds
[2026-09-25 06:49:31,082] turin-xcovoid0021-pod-5/INFO/locust.runners: Ramping to 8 users at a rate of 1.00 per second
[2026-09-25 06:49:38,098] turin-xcovoid0021-pod-5/INFO/locust.runners: All users spawned: {"LLMUser": 8} (8 total users)
[2026-09-25 06:54:30,737] turin-xcovoid0021-pod-5/INFO/locust.main: --run-time limit reached, shutting down
[2026-09-25 06:54:30,975] turin-xcovoid0021-pod-5/INFO/locust.main: Shutting down (exit code 0)
Type     Name                                                                          # reqs      # fails |    Avg     Min     Max    Med |   req/s  failures/s
--------|----------------------------------------------------------------------------|-------|-------------|-------|-------|-------|-------|--------|-----------
POST     completion                                                                        22     0(0.00%) |  83322   65328  131553  75000 |    0.07        0.00
TPOT     completion                                                                        22     0(0.00%) |    601     475     981    530 |    0.07        0.00
TTFT     completion                                                                        22     0(0.00%) |   6916    4980    7769   7200 |    0.07        0.00
--------|----------------------------------------------------------------------------|-------|-------------|-------|-------|-------|-------|--------|-----------
         Aggregated                                                                        66     0(0.00%) |  30280     475  131553   7200 |    0.22        0.00

Response time percentiles (approximated)
Type     Name                                                                                  50%    66%    75%    80%    90%    95%    98%    99%  99.9% 99.99%   100% # reqs
--------|--------------------------------------------------------------------------------|--------|------|------|------|------|------|------|------|------|------|------|------
POST     completion                                                                          75000  75000  75000  98000 117000 124000 132000 132000 132000 132000 132000     22
TPOT     completion                                                                            530    530    530    710    860    920    980    980    980    980    980     22
TTFT     completion                                                                           7200   7200   7300   7300   7300   7700   7800   7800   7800   7800   7800     22
--------|--------------------------------------------------------------------------------|--------|------|------|------|------|------|------|------|------|------|------|------
         Aggregated                                                                           7200   7800  74000  74000  75000 116000 124000 132000 132000 132000 132000     66

