[2026-09-25 07:35:02,820] turin-xcovoid0021-pod-5/INFO/locust.main: Starting Locust 2.46.6
[2026-09-25 07:35:02,827] turin-xcovoid0021-pod-5/INFO/locust.main: Run time limit set to 300 seconds
[2026-09-25 07:35:02,837] turin-xcovoid0021-pod-5/INFO/locust.runners: Ramping to 12 users at a rate of 1.00 per second
[2026-09-25 07:35:13,869] turin-xcovoid0021-pod-5/INFO/locust.runners: All users spawned: {"LLMUser": 12} (12 total users)
[2026-09-25 07:40:02,518] turin-xcovoid0021-pod-5/INFO/locust.main: --run-time limit reached, shutting down
[2026-09-25 07:40:02,901] turin-xcovoid0021-pod-5/INFO/locust.main: Shutting down (exit code 0)
Type     Name                                                                          # reqs      # fails |    Avg     Min     Max    Med |   req/s  failures/s
--------|----------------------------------------------------------------------------|-------|-------------|-------|-------|-------|-------|--------|-----------
POST     completion                                                                        36     0(0.00%) |  73840   71798   80480  73000 |    0.14        0.00
TPOT     completion                                                                        36     0(0.00%) |    538     522     588    530 |    0.14        0.00
TTFT     completion                                                                        36     0(0.00%) |   5418    5021    5808   5500 |    0.14        0.00
--------|----------------------------------------------------------------------------|-------|-------------|-------|-------|-------|-------|--------|-----------
         Aggregated                                                                       108     0(0.00%) |  26599     522   80480   5500 |    0.42        0.00

Response time percentiles (approximated)
Type     Name                                                                                  50%    66%    75%    80%    90%    95%    98%    99%  99.9% 99.99%   100% # reqs
--------|--------------------------------------------------------------------------------|--------|------|------|------|------|------|------|------|------|------|------|------
POST     completion                                                                          73000  73000  74000  74000  79000  80000  80000  80000  80000  80000  80000     36
TPOT     completion                                                                            530    530    540    540    580    590    590    590    590    590    590     36
TTFT     completion                                                                           5500   5500   5500   5500   5700   5800   5800   5800   5800   5800   5800     36
--------|--------------------------------------------------------------------------------|--------|------|------|------|------|------|------|------|------|------|------|------
         Aggregated                                                                           5500   5800  73000  73000  73000  75000  80000  80000  80000  80000  80000    108

