[2026-09-23 09:19:19,120] turin-xcovoid0021-pod-5/INFO/locust.main: Starting Locust 2.46.6
[2026-09-23 09:19:19,155] turin-xcovoid0021-pod-5/INFO/locust.main: Run time limit set to 300 seconds
[2026-09-23 09:19:19,178] turin-xcovoid0021-pod-5/INFO/locust.runners: Ramping to 12 users at a rate of 1.00 per second
[2026-09-23 09:19:30,364] turin-xcovoid0021-pod-5/INFO/locust.runners: All users spawned: {"LLMUser": 12} (12 total users)
[2026-09-23 09:24:18,779] turin-xcovoid0021-pod-5/INFO/locust.main: --run-time limit reached, shutting down
[2026-09-23 09:24:18,991] turin-xcovoid0021-pod-5/INFO/locust.main: Shutting down (exit code 0)
Type     Name                                                                          # reqs      # fails |    Avg     Min     Max    Med |   req/s  failures/s
--------|----------------------------------------------------------------------------|-------|-------------|-------|-------|-------|-------|--------|-----------
POST     completion                                                                        60     0(0.00%) |  32370   20756   41110  34000 |    0.20        0.00
TPOT     completion                                                                        60     0(0.00%) |    233     140     308    240 |    0.20        0.00
TTFT     completion                                                                        60     0(0.00%) |   2735    1769    3670   2700 |    0.20        0.00
--------|----------------------------------------------------------------------------|-------|-------------|-------|-------|-------|-------|--------|-----------
         Aggregated                                                                       180     0(0.00%) |  11779     140   41110   2700 |    0.60        0.00

Response time percentiles (approximated)
Type     Name                                                                                  50%    66%    75%    80%    90%    95%    98%    99%  99.9% 99.99%   100% # reqs
--------|--------------------------------------------------------------------------------|--------|------|------|------|------|------|------|------|------|------|------|------
POST     completion                                                                          34000  36000  38000  39000  40000  41000  41000  41000  41000  41000  41000     60
TPOT     completion                                                                            240    260    280    290    290    310    310    310    310    310    310     60
TTFT     completion                                                                           2700   3500   3500   3500   3700   3700   3700   3700   3700   3700   3700     60
--------|--------------------------------------------------------------------------------|--------|------|------|------|------|------|------|------|------|------|------|------
         Aggregated                                                                           2700   3700  28000  30000  37000  39000  41000  41000  41000  41000  41000    180

