[2026-09-23 09:51:26,935] turin-xcovoid0021-pod-5/INFO/locust.main: Starting Locust 2.46.6
[2026-09-23 09:51:26,944] turin-xcovoid0021-pod-5/INFO/locust.main: Run time limit set to 300 seconds
[2026-09-23 09:51:26,949] turin-xcovoid0021-pod-5/INFO/locust.runners: Ramping to 12 users at a rate of 1.00 per second
[2026-09-23 09:51:37,980] turin-xcovoid0021-pod-5/INFO/locust.runners: All users spawned: {"LLMUser": 12} (12 total users)
[2026-09-23 09:56:26,661] turin-xcovoid0021-pod-5/INFO/locust.main: --run-time limit reached, shutting down
[2026-09-23 09:56:26,949] turin-xcovoid0021-pod-5/INFO/locust.main: Shutting down (exit code 0)
Type     Name                                                                          # reqs      # fails |    Avg     Min     Max    Med |   req/s  failures/s
--------|----------------------------------------------------------------------------|-------|-------------|-------|-------|-------|-------|--------|-----------
POST     completion                                                                        60     0(0.00%) |  28183   17555   36961  29000 |    0.20        0.00
TPOT     completion                                                                        60     0(0.00%) |    199     126     277    200 |    0.20        0.00
TTFT     completion                                                                        60     0(0.00%) |   2814    1358    6850   2300 |    0.20        0.00
--------|----------------------------------------------------------------------------|-------|-------------|-------|-------|-------|-------|--------|-----------
         Aggregated                                                                       180     0(0.00%) |  10399     126   36961   2300 |    0.61        0.00

Response time percentiles (approximated)
Type     Name                                                                                  50%    66%    75%    80%    90%    95%    98%    99%  99.9% 99.99%   100% # reqs
--------|--------------------------------------------------------------------------------|--------|------|------|------|------|------|------|------|------|------|------|------
POST     completion                                                                          29000  31000  32000  33000  35000  36000  37000  37000  37000  37000  37000     60
TPOT     completion                                                                            200    210    240    240    250    270    280    280    280    280    280     60
TTFT     completion                                                                           2300   3200   3700   4200   5700   5900   6700   6900   6900   6900   6900     60
--------|--------------------------------------------------------------------------------|--------|------|------|------|------|------|------|------|------|------|------|------
         Aggregated                                                                           2300   6700  24000  27000  32000  34000  36000  37000  37000  37000  37000    180

