[2026-09-23 08:37:01,203] turin-xcovoid0021-pod-5/INFO/locust.main: Starting Locust 2.46.6
[2026-09-23 08:37:01,246] turin-xcovoid0021-pod-5/INFO/locust.main: Run time limit set to 300 seconds
[2026-09-23 08:37:01,262] turin-xcovoid0021-pod-5/INFO/locust.runners: Ramping to 4 users at a rate of 1.00 per second
[2026-09-23 08:37:04,266] turin-xcovoid0021-pod-5/INFO/locust.runners: All users spawned: {"LLMUser": 4} (4 total users)
[2026-09-23 08:42:00,886] turin-xcovoid0021-pod-5/INFO/locust.main: --run-time limit reached, shutting down
[2026-09-23 08:42:01,098] turin-xcovoid0021-pod-5/INFO/locust.main: Shutting down (exit code 0)
Type     Name                                                                          # reqs      # fails |    Avg     Min     Max    Med |   req/s  failures/s
--------|----------------------------------------------------------------------------|-------|-------------|-------|-------|-------|-------|--------|-----------
POST     completion                                                                        20     0(0.00%) |  21450   17448   24273  22000 |    0.07        0.00
TPOT     completion                                                                        20     0(0.00%) |    152     122     178    160 |    0.07        0.00
TTFT     completion                                                                        20     0(0.00%) |   2021    1617    2810   1900 |    0.07        0.00
--------|----------------------------------------------------------------------------|-------|-------------|-------|-------|-------|-------|--------|-----------
         Aggregated                                                                        60     0(0.00%) |   7874     122   24273   1900 |    0.22        0.00

Response time percentiles (approximated)
Type     Name                                                                                  50%    66%    75%    80%    90%    95%    98%    99%  99.9% 99.99%   100% # reqs
--------|--------------------------------------------------------------------------------|--------|------|------|------|------|------|------|------|------|------|------|------
POST     completion                                                                          22000  23000  24000  24000  24000  24000  24000  24000  24000  24000  24000     20
TPOT     completion                                                                            160    160    170    170    180    180    180    180    180    180    180     20
TTFT     completion                                                                           1900   2100   2300   2400   2600   2800   2800   2800   2800   2800   2800     20
--------|--------------------------------------------------------------------------------|--------|------|------|------|------|------|------|------|------|------|------|------
         Aggregated                                                                           1900   2800  20000  21000  24000  24000  24000  24000  24000  24000  24000     60

