[2026-09-25 06:38:26,774] turin-xcovoid0021-pod-5/INFO/locust.main: Starting Locust 2.46.6
[2026-09-25 06:38:26,797] turin-xcovoid0021-pod-5/INFO/locust.main: Run time limit set to 300 seconds
[2026-09-25 06:38:26,822] turin-xcovoid0021-pod-5/INFO/locust.runners: Ramping to 2 users at a rate of 1.00 per second
[2026-09-25 06:38:27,823] turin-xcovoid0021-pod-5/INFO/locust.runners: All users spawned: {"LLMUser": 2} (2 total users)
[2026-09-25 06:43:25,926] turin-xcovoid0021-pod-5/INFO/locust.main: --run-time limit reached, shutting down
[2026-09-25 06:43:26,067] turin-xcovoid0021-pod-5/INFO/locust.main: Shutting down (exit code 0)
Type     Name                                                                          # reqs      # fails |    Avg     Min     Max    Med |   req/s  failures/s
--------|----------------------------------------------------------------------------|-------|-------------|-------|-------|-------|-------|--------|-----------
POST     completion                                                                        12     0(0.00%) |  42331   41649   42980  42000 |    0.04        0.00
TPOT     completion                                                                        12     0(0.00%) |    290     286     294    290 |    0.04        0.00
TTFT     completion                                                                        12     0(0.00%) |   5426    5184    5708   5600 |    0.04        0.00
--------|----------------------------------------------------------------------------|-------|-------------|-------|-------|-------|-------|--------|-----------
         Aggregated                                                                        36     0(0.00%) |  16016     286   42980   5600 |    0.13        0.00

Response time percentiles (approximated)
Type     Name                                                                                  50%    66%    75%    80%    90%    95%    98%    99%  99.9% 99.99%   100% # reqs
--------|--------------------------------------------------------------------------------|--------|------|------|------|------|------|------|------|------|------|------|------
POST     completion                                                                          42000  42000  43000  43000  43000  43000  43000  43000  43000  43000  43000     12
TPOT     completion                                                                            290    290    290    290    290    290    290    290    290    290    290     12
TTFT     completion                                                                           5600   5600   5700   5700   5700   5700   5700   5700   5700   5700   5700     12
--------|--------------------------------------------------------------------------------|--------|------|------|------|------|------|------|------|------|------|------|------
         Aggregated                                                                           5600   5700  42000  42000  43000  43000  43000  43000  43000  43000  43000     36

