[2026-09-24 08:49:19,598] turin-xcovoid0021-pod-5/INFO/locust.main: Starting Locust 2.46.6
[2026-09-24 08:49:19,606] turin-xcovoid0021-pod-5/INFO/locust.main: Run time limit set to 300 seconds
[2026-09-24 08:49:19,615] turin-xcovoid0021-pod-5/INFO/locust.runners: Ramping to 4 users at a rate of 1.00 per second
[2026-09-24 08:49:22,626] turin-xcovoid0021-pod-5/INFO/locust.runners: All users spawned: {"LLMUser": 4} (4 total users)
[2026-09-24 08:54:19,152] turin-xcovoid0021-pod-5/INFO/locust.main: --run-time limit reached, shutting down
[2026-09-24 08:54:19,392] turin-xcovoid0021-pod-5/INFO/locust.main: Shutting down (exit code 0)
Type     Name                                                                          # reqs      # fails |    Avg     Min     Max    Med |   req/s  failures/s
--------|----------------------------------------------------------------------------|-------|-------------|-------|-------|-------|-------|--------|-----------
POST     completion                                                                        20     0(0.00%) |  50263   44655   55100  51000 |    0.07        0.00
TPOT     completion                                                                        20     0(0.00%) |    361     321     397    360 |    0.07        0.00
TTFT     completion                                                                        20     0(0.00%) |   4366    3600    4957   4400 |    0.07        0.00
--------|----------------------------------------------------------------------------|-------|-------------|-------|-------|-------|-------|--------|-----------
         Aggregated                                                                        60     0(0.00%) |  18330     321   55100   4400 |    0.22        0.00

Response time percentiles (approximated)
Type     Name                                                                                  50%    66%    75%    80%    90%    95%    98%    99%  99.9% 99.99%   100% # reqs
--------|--------------------------------------------------------------------------------|--------|------|------|------|------|------|------|------|------|------|------|------
POST     completion                                                                          51000  51000  54000  54000  55000  55000  55000  55000  55000  55000  55000     20
TPOT     completion                                                                            360    370    390    390    390    400    400    400    400    400    400     20
TTFT     completion                                                                           4400   4600   4600   4700   4800   5000   5000   5000   5000   5000   5000     20
--------|--------------------------------------------------------------------------------|--------|------|------|------|------|------|------|------|------|------|------|------
         Aggregated                                                                           4400   5000  47000  50000  54000  55000  55000  55000  55000  55000  55000     60

