[2026-09-23 09:02:47,050] turin-xcovoid0021-pod-5/INFO/locust.main: Starting Locust 2.46.6
[2026-09-23 09:02:47,063] turin-xcovoid0021-pod-5/INFO/locust.main: Run time limit set to 300 seconds
[2026-09-23 09:02:47,076] turin-xcovoid0021-pod-5/INFO/locust.runners: Ramping to 2 users at a rate of 1.00 per second
[2026-09-23 09:02:48,077] turin-xcovoid0021-pod-5/INFO/locust.runners: All users spawned: {"LLMUser": 2} (2 total users)
[2026-09-23 09:07:46,549] turin-xcovoid0021-pod-5/INFO/locust.main: --run-time limit reached, shutting down
[2026-09-23 09:07:46,757] turin-xcovoid0021-pod-5/INFO/locust.main: Shutting down (exit code 0)
Type     Name                                                                          # reqs      # fails |    Avg     Min     Max    Med |   req/s  failures/s
--------|----------------------------------------------------------------------------|-------|-------------|-------|-------|-------|-------|--------|-----------
POST     completion                                                                        10     0(0.00%) |  19752   18316   20697  20000 |    0.04        0.00
TPOT     completion                                                                        10     0(0.00%) |    141     131     148    140 |    0.04        0.00
TTFT     completion                                                                        10     0(0.00%) |   1793    1491    2472   1800 |    0.04        0.00
--------|----------------------------------------------------------------------------|-------|-------------|-------|-------|-------|-------|--------|-----------
         Aggregated                                                                        30     0(0.00%) |   7229     131   20697   1800 |    0.12        0.00

Response time percentiles (approximated)
Type     Name                                                                                  50%    66%    75%    80%    90%    95%    98%    99%  99.9% 99.99%   100% # reqs
--------|--------------------------------------------------------------------------------|--------|------|------|------|------|------|------|------|------|------|------|------
POST     completion                                                                          20000  20000  20000  20000  21000  21000  21000  21000  21000  21000  21000     10
TPOT     completion                                                                            140    150    150    150    150    150    150    150    150    150    150     10
TTFT     completion                                                                           1800   1900   2000   2000   2500   2500   2500   2500   2500   2500   2500     10
--------|--------------------------------------------------------------------------------|--------|------|------|------|------|------|------|------|------|------|------|------
         Aggregated                                                                           1800   2500  19000  20000  20000  20000  21000  21000  21000  21000  21000     30

