[2026-09-24 07:38:46,006] turin-xcovoid0021-pod-5/INFO/locust.main: Starting Locust 2.46.6
[2026-09-24 07:38:46,016] turin-xcovoid0021-pod-5/INFO/locust.main: Run time limit set to 300 seconds
[2026-09-24 07:38:46,026] turin-xcovoid0021-pod-5/INFO/locust.runners: Ramping to 16 users at a rate of 1.00 per second
[2026-09-24 07:39:01,113] turin-xcovoid0021-pod-5/INFO/locust.runners: All users spawned: {"LLMUser": 16} (16 total users)
[2026-09-24 07:43:45,783] turin-xcovoid0021-pod-5/INFO/locust.main: --run-time limit reached, shutting down
[2026-09-24 07:43:45,920] turin-xcovoid0021-pod-5/INFO/locust.main: Shutting down (exit code 0)
Type     Name                                                                          # reqs      # fails |    Avg     Min     Max    Med |   req/s  failures/s
--------|----------------------------------------------------------------------------|-------|-------------|-------|-------|-------|-------|--------|-----------
POST     completion                                                                        78     0(0.00%) |  52874   47512   59922  53000 |    0.26        0.00
TPOT     completion                                                                        78     0(0.00%) |    393     351     447    390 |    0.26        0.00
TTFT     completion                                                                        78     0(0.00%) |   2955    2590    5585   2900 |    0.26        0.00
--------|----------------------------------------------------------------------------|-------|-------------|-------|-------|-------|-------|--------|-----------
         Aggregated                                                                       234     0(0.00%) |  18741     351   59922   2900 |    0.79        0.00

Response time percentiles (approximated)
Type     Name                                                                                  50%    66%    75%    80%    90%    95%    98%    99%  99.9% 99.99%   100% # reqs
--------|--------------------------------------------------------------------------------|--------|------|------|------|------|------|------|------|------|------|------|------
POST     completion                                                                          53000  55000  56000  56000  57000  60000  60000  60000  60000  60000  60000     78
TPOT     completion                                                                            390    410    420    420    420    430    450    450    450    450    450     78
TTFT     completion                                                                           2900   3000   3000   3000   3100   3600   3800   5600   5600   5600   5600     78
--------|--------------------------------------------------------------------------------|--------|------|------|------|------|------|------|------|------|------|------|------
         Aggregated                                                                           2900   3800  51000  51000  56000  57000  58000  60000  60000  60000  60000    234

