[2026-09-24 07:07:42,587] turin-xcovoid0021-pod-5/INFO/locust.main: Starting Locust 2.46.6
[2026-09-24 07:07:42,600] turin-xcovoid0021-pod-5/INFO/locust.main: Run time limit set to 300 seconds
[2026-09-24 07:07:42,618] turin-xcovoid0021-pod-5/INFO/locust.runners: Ramping to 16 users at a rate of 1.00 per second
[2026-09-24 07:07:57,669] turin-xcovoid0021-pod-5/INFO/locust.runners: All users spawned: {"LLMUser": 16} (16 total users)
[2026-09-24 07:12:42,282] turin-xcovoid0021-pod-5/INFO/locust.main: --run-time limit reached, shutting down
[2026-09-24 07:12:42,450] turin-xcovoid0021-pod-5/INFO/locust.main: Shutting down (exit code 0)
Type     Name                                                                          # reqs      # fails |    Avg     Min     Max    Med |   req/s  failures/s
--------|----------------------------------------------------------------------------|-------|-------------|-------|-------|-------|-------|--------|-----------
POST     completion                                                                        49     0(0.00%) |  74487   50957  100784  77000 |    0.18        0.00
TPOT     completion                                                                        49     0(0.00%) |    546     352     759    560 |    0.18        0.00
TTFT     completion                                                                        49     0(0.00%) |   5132    2593   12454   4300 |    0.18        0.00
--------|----------------------------------------------------------------------------|-------|-------------|-------|-------|-------|-------|--------|-----------
         Aggregated                                                                       147     0(0.00%) |  26722     352  100784   4300 |    0.53        0.00

Response time percentiles (approximated)
Type     Name                                                                                  50%    66%    75%    80%    90%    95%    98%    99%  99.9% 99.99%   100% # reqs
--------|--------------------------------------------------------------------------------|--------|------|------|------|------|------|------|------|------|------|------|------
POST     completion                                                                          77000  81000  82000  83000  99000 100000 101000 101000 101000 101000 101000     49
TPOT     completion                                                                            560    600    610    620    730    730    760    760    760    760    760     49
TTFT     completion                                                                           4300   5800   6100   6800   7600   7700  12000  12000  12000  12000  12000     49
--------|--------------------------------------------------------------------------------|--------|------|------|------|------|------|------|------|------|------|------|------
         Aggregated                                                                           4300  12000  61000  73000  81000  94000 100000 100000 101000 101000 101000    147

