[2026-09-24 08:12:55,304] turin-xcovoid0021-pod-5/INFO/locust.main: Starting Locust 2.46.6
[2026-09-24 08:12:55,321] turin-xcovoid0021-pod-5/INFO/locust.main: Run time limit set to 300 seconds
[2026-09-24 08:12:55,329] turin-xcovoid0021-pod-5/INFO/locust.runners: Ramping to 2 users at a rate of 1.00 per second
[2026-09-24 08:12:56,330] turin-xcovoid0021-pod-5/INFO/locust.runners: All users spawned: {"LLMUser": 2} (2 total users)
[2026-09-24 08:17:54,350] turin-xcovoid0021-pod-5/INFO/locust.main: --run-time limit reached, shutting down
[2026-09-24 08:17:54,651] turin-xcovoid0021-pod-5/INFO/locust.main: Shutting down (exit code 0)
Type     Name                                                                          # reqs      # fails |    Avg     Min     Max    Med |   req/s  failures/s
--------|----------------------------------------------------------------------------|-------|-------------|-------|-------|-------|-------|--------|-----------
POST     completion                                                                        16     0(0.00%) |  29906    4674   37366  32000 |    0.06        0.00
TPOT     completion                                                                        15     0(0.00%) |    214     155     260    210 |    0.05        0.00
TTFT     completion                                                                        16     0(0.00%) |   4316    3685    4701   4300 |    0.06        0.00
--------|----------------------------------------------------------------------------|-------|-------------|-------|-------|-------|-------|--------|-----------
         Aggregated                                                                        47     0(0.00%) |  11718     155   37366   4300 |    0.17        0.00

Response time percentiles (approximated)
Type     Name                                                                                  50%    66%    75%    80%    90%    95%    98%    99%  99.9% 99.99%   100% # reqs
--------|--------------------------------------------------------------------------------|--------|------|------|------|------|------|------|------|------|------|------|------
POST     completion                                                                          32000  32000  33000  33000  36000  37000  37000  37000  37000  37000  37000     16
TPOT     completion                                                                            210    220    230    250    250    260    260    260    260    260    260     15
TTFT     completion                                                                           4300   4300   4700   4700   4700   4700   4700   4700   4700   4700   4700     16
--------|--------------------------------------------------------------------------------|--------|------|------|------|------|------|------|------|------|------|------|------
         Aggregated                                                                           4300   4700  30000  31000  33000  36000  37000  37000  37000  37000  37000     47

