[2026-09-25 07:24:00,617] turin-xcovoid0021-pod-5/INFO/locust.main: Starting Locust 2.46.6
[2026-09-25 07:24:00,630] turin-xcovoid0021-pod-5/INFO/locust.main: Run time limit set to 300 seconds
[2026-09-25 07:24:00,640] turin-xcovoid0021-pod-5/INFO/locust.runners: Ramping to 4 users at a rate of 1.00 per second
[2026-09-25 07:24:03,652] turin-xcovoid0021-pod-5/INFO/locust.runners: All users spawned: {"LLMUser": 4} (4 total users)
[2026-09-25 07:29:00,326] turin-xcovoid0021-pod-5/INFO/locust.main: --run-time limit reached, shutting down
[2026-09-25 07:29:00,555] turin-xcovoid0021-pod-5/INFO/locust.main: Shutting down (exit code 0)
Type     Name                                                                          # reqs      # fails |    Avg     Min     Max    Med |   req/s  failures/s
--------|----------------------------------------------------------------------------|-------|-------------|-------|-------|-------|-------|--------|-----------
POST     completion                                                                        16     0(0.00%) |  62639   57950   63978  63978 |    0.06        0.00
TPOT     completion                                                                        16     0(0.00%) |    453     420     462    460 |    0.06        0.00
TTFT     completion                                                                        16     0(0.00%) |   5058    4572    5295   5100 |    0.06        0.00
--------|----------------------------------------------------------------------------|-------|-------------|-------|-------|-------|-------|--------|-----------
         Aggregated                                                                        48     0(0.00%) |  22717     420   63978   5100 |    0.17        0.00

Response time percentiles (approximated)
Type     Name                                                                                  50%    66%    75%    80%    90%    95%    98%    99%  99.9% 99.99%   100% # reqs
--------|--------------------------------------------------------------------------------|--------|------|------|------|------|------|------|------|------|------|------|------
POST     completion                                                                          64000  64000  64000  64000  64000  64000  64000  64000  64000  64000  64000     16
TPOT     completion                                                                            460    460    460    460    460    460    460    460    460    460    460     16
TTFT     completion                                                                           5100   5100   5100   5100   5300   5300   5300   5300   5300   5300   5300     16
--------|--------------------------------------------------------------------------------|--------|------|------|------|------|------|------|------|------|------|------|------
         Aggregated                                                                           5100   5300  63000  63000  64000  64000  64000  64000  64000  64000  64000     48

