[2026-09-24 08:43:48,137] turin-xcovoid0021-pod-5/INFO/locust.main: Starting Locust 2.46.6
[2026-09-24 08:43:48,153] turin-xcovoid0021-pod-5/INFO/locust.main: Run time limit set to 300 seconds
[2026-09-24 08:43:48,160] turin-xcovoid0021-pod-5/INFO/locust.runners: Ramping to 2 users at a rate of 1.00 per second
[2026-09-24 08:43:49,160] turin-xcovoid0021-pod-5/INFO/locust.runners: All users spawned: {"LLMUser": 2} (2 total users)
[2026-09-24 08:48:47,659] turin-xcovoid0021-pod-5/INFO/locust.main: --run-time limit reached, shutting down
[2026-09-24 08:48:47,864] turin-xcovoid0021-pod-5/INFO/locust.main: Shutting down (exit code 0)
Type     Name                                                                          # reqs      # fails |    Avg     Min     Max    Med |   req/s  failures/s
--------|----------------------------------------------------------------------------|-------|-------------|-------|-------|-------|-------|--------|-----------
POST     completion                                                                        16     0(0.00%) |  34970   30170   39706  34000 |    0.06        0.00
TPOT     completion                                                                        16     0(0.00%) |    245     207     282    240 |    0.06        0.00
TTFT     completion                                                                        16     0(0.00%) |   3800    3632    4047   3800 |    0.06        0.00
--------|----------------------------------------------------------------------------|-------|-------------|-------|-------|-------|-------|--------|-----------
         Aggregated                                                                        48     0(0.00%) |  13005     207   39706   3800 |    0.17        0.00

Response time percentiles (approximated)
Type     Name                                                                                  50%    66%    75%    80%    90%    95%    98%    99%  99.9% 99.99%   100% # reqs
--------|--------------------------------------------------------------------------------|--------|------|------|------|------|------|------|------|------|------|------|------
POST     completion                                                                          34000  36000  38000  38000  39000  40000  40000  40000  40000  40000  40000     16
TPOT     completion                                                                            240    250    270    270    280    280    280    280    280    280    280     16
TTFT     completion                                                                           3800   3800   3900   3900   4000   4000   4000   4000   4000   4000   4000     16
--------|--------------------------------------------------------------------------------|--------|------|------|------|------|------|------|------|------|------|------|------
         Aggregated                                                                           3800   4000  34000  34000  37000  38000  40000  40000  40000  40000  40000     48

