[2026-09-25 07:18:29,835] turin-xcovoid0021-pod-5/INFO/locust.main: Starting Locust 2.46.6
[2026-09-25 07:18:29,841] turin-xcovoid0021-pod-5/INFO/locust.main: Run time limit set to 300 seconds
[2026-09-25 07:18:29,845] turin-xcovoid0021-pod-5/INFO/locust.runners: Ramping to 2 users at a rate of 1.00 per second
[2026-09-25 07:18:30,847] turin-xcovoid0021-pod-5/INFO/locust.runners: All users spawned: {"LLMUser": 2} (2 total users)
[2026-09-25 07:23:29,357] turin-xcovoid0021-pod-5/INFO/locust.main: --run-time limit reached, shutting down
[2026-09-25 07:23:29,531] turin-xcovoid0021-pod-5/INFO/locust.main: Shutting down (exit code 0)
Type     Name                                                                          # reqs      # fails |    Avg     Min     Max    Med |   req/s  failures/s
--------|----------------------------------------------------------------------------|-------|-------------|-------|-------|-------|-------|--------|-----------
POST     completion                                                                        13     0(0.00%) |  41080   40515   41747  41000 |    0.04        0.00
TPOT     completion                                                                        13     0(0.00%) |    287     283     293    290 |    0.04        0.00
TTFT     completion                                                                        13     0(0.00%) |   4514    4445    4632   4500 |    0.04        0.00
--------|----------------------------------------------------------------------------|-------|-------------|-------|-------|-------|-------|--------|-----------
         Aggregated                                                                        39     0(0.00%) |  15294     283   41747   4500 |    0.13        0.00

Response time percentiles (approximated)
Type     Name                                                                                  50%    66%    75%    80%    90%    95%    98%    99%  99.9% 99.99%   100% # reqs
--------|--------------------------------------------------------------------------------|--------|------|------|------|------|------|------|------|------|------|------|------
POST     completion                                                                          41000  41000  41000  42000  42000  42000  42000  42000  42000  42000  42000     13
TPOT     completion                                                                            290    290    290    290    290    290    290    290    290    290    290     13
TTFT     completion                                                                           4500   4500   4500   4600   4600   4600   4600   4600   4600   4600   4600     13
--------|--------------------------------------------------------------------------------|--------|------|------|------|------|------|------|------|------|------|------|------
         Aggregated                                                                           4500   4600  41000  41000  41000  42000  42000  42000  42000  42000  42000     39

