[2026-09-24 06:45:39,663] turin-xcovoid0021-pod-5/INFO/locust.main: Starting Locust 2.46.6
[2026-09-24 06:45:39,672] turin-xcovoid0021-pod-5/INFO/locust.main: Run time limit set to 300 seconds
[2026-09-24 06:45:39,679] turin-xcovoid0021-pod-5/INFO/locust.runners: Ramping to 2 users at a rate of 1.00 per second
[2026-09-24 06:45:40,680] turin-xcovoid0021-pod-5/INFO/locust.runners: All users spawned: {"LLMUser": 2} (2 total users)
[2026-09-24 06:50:39,120] turin-xcovoid0021-pod-5/INFO/locust.main: --run-time limit reached, shutting down
[2026-09-24 06:50:39,336] turin-xcovoid0021-pod-5/INFO/locust.main: Shutting down (exit code 0)
Type     Name                                                                          # reqs      # fails |    Avg     Min     Max    Med |   req/s  failures/s
--------|----------------------------------------------------------------------------|-------|-------------|-------|-------|-------|-------|--------|-----------
POST     completion                                                                        17     0(0.00%) |  31794   21067   35643  32000 |    0.06        0.00
TPOT     completion                                                                        17     0(0.00%) |    228     146     258    230 |    0.06        0.00
TTFT     completion                                                                        17     0(0.00%) |   2792    2465    2906   2800 |    0.06        0.00
--------|----------------------------------------------------------------------------|-------|-------------|-------|-------|-------|-------|--------|-----------
         Aggregated                                                                        51     0(0.00%) |  11605     146   35643   2800 |    0.18        0.00

Response time percentiles (approximated)
Type     Name                                                                                  50%    66%    75%    80%    90%    95%    98%    99%  99.9% 99.99%   100% # reqs
--------|--------------------------------------------------------------------------------|--------|------|------|------|------|------|------|------|------|------|------|------
POST     completion                                                                          32000  33000  33000  33000  33000  36000  36000  36000  36000  36000  36000     17
TPOT     completion                                                                            230    240    240    240    240    260    260    260    260    260    260     17
TTFT     completion                                                                           2800   2800   2800   2900   2900   2900   2900   2900   2900   2900   2900     17
--------|--------------------------------------------------------------------------------|--------|------|------|------|------|------|------|------|------|------|------|------
         Aggregated                                                                           2800   2900  32000  32000  33000  33000  33000  36000  36000  36000  36000     51

