[2026-09-24 08:54:51,396] turin-xcovoid0021-pod-5/INFO/locust.main: Starting Locust 2.46.6
[2026-09-24 08:54:51,423] turin-xcovoid0021-pod-5/INFO/locust.main: Run time limit set to 300 seconds
[2026-09-24 08:54:51,436] turin-xcovoid0021-pod-5/INFO/locust.runners: Ramping to 8 users at a rate of 1.00 per second
[2026-09-24 08:54:58,492] turin-xcovoid0021-pod-5/INFO/locust.runners: All users spawned: {"LLMUser": 8} (8 total users)
[2026-09-24 08:59:50,858] turin-xcovoid0021-pod-5/INFO/locust.main: --run-time limit reached, shutting down
[2026-09-24 08:59:51,093] turin-xcovoid0021-pod-5/INFO/locust.main: Shutting down (exit code 0)
Type     Name                                                                          # reqs      # fails |    Avg     Min     Max    Med |   req/s  failures/s
--------|----------------------------------------------------------------------------|-------|-------------|-------|-------|-------|-------|--------|-----------
POST     completion                                                                        38     0(0.00%) |  55120   47933   65436  55000 |    0.13        0.00
TPOT     completion                                                                        38     0(0.00%) |    397     343     470    390 |    0.13        0.00
TTFT     completion                                                                        38     0(0.00%) |   4678    3845    5671   4500 |    0.13        0.00
--------|----------------------------------------------------------------------------|-------|-------------|-------|-------|-------|-------|--------|-----------
         Aggregated                                                                       114     0(0.00%) |  20065     343   65436   4500 |    0.38        0.00

Response time percentiles (approximated)
Type     Name                                                                                  50%    66%    75%    80%    90%    95%    98%    99%  99.9% 99.99%   100% # reqs
--------|--------------------------------------------------------------------------------|--------|------|------|------|------|------|------|------|------|------|------|------
POST     completion                                                                          55000  57000  59000  59000  60000  61000  65000  65000  65000  65000  65000     38
TPOT     completion                                                                            390    410    420    430    430    440    470    470    470    470    470     38
TTFT     completion                                                                           4500   4800   4900   4900   5600   5700   5700   5700   5700   5700   5700     38
--------|--------------------------------------------------------------------------------|--------|------|------|------|------|------|------|------|------|------|------|------
         Aggregated                                                                           4500   5700  52000  53000  58000  59000  61000  61000  65000  65000  65000    114

