[2026-09-24 07:22:13,945] turin-xcovoid0021-pod-5/INFO/locust.main: Starting Locust 2.46.6
[2026-09-24 07:22:13,963] turin-xcovoid0021-pod-5/INFO/locust.main: Run time limit set to 300 seconds
[2026-09-24 07:22:13,972] turin-xcovoid0021-pod-5/INFO/locust.runners: Ramping to 4 users at a rate of 1.00 per second
[2026-09-24 07:22:16,980] turin-xcovoid0021-pod-5/INFO/locust.runners: All users spawned: {"LLMUser": 4} (4 total users)
[2026-09-24 07:27:13,408] turin-xcovoid0021-pod-5/INFO/locust.main: --run-time limit reached, shutting down
[2026-09-24 07:27:13,558] turin-xcovoid0021-pod-5/INFO/locust.main: Shutting down (exit code 0)
Type     Name                                                                          # reqs      # fails |    Avg     Min     Max    Med |   req/s  failures/s
--------|----------------------------------------------------------------------------|-------|-------------|-------|-------|-------|-------|--------|-----------
POST     completion                                                                        31     0(0.00%) |  35679   34172   38974  36000 |    0.10        0.00
TPOT     completion                                                                        31     0(0.00%) |    258     248     283    260 |    0.10        0.00
TTFT     completion                                                                        31     0(0.00%) |   2836    2427    3235   2800 |    0.10        0.00
--------|----------------------------------------------------------------------------|-------|-------------|-------|-------|-------|-------|--------|-----------
         Aggregated                                                                        93     0(0.00%) |  12924     248   38974   2800 |    0.31        0.00

Response time percentiles (approximated)
Type     Name                                                                                  50%    66%    75%    80%    90%    95%    98%    99%  99.9% 99.99%   100% # reqs
--------|--------------------------------------------------------------------------------|--------|------|------|------|------|------|------|------|------|------|------|------
POST     completion                                                                          36000  36000  36000  36000  37000  39000  39000  39000  39000  39000  39000     31
TPOT     completion                                                                            260    260    260    260    260    280    280    280    280    280    280     31
TTFT     completion                                                                           2800   2900   2900   2900   3000   3100   3200   3200   3200   3200   3200     31
--------|--------------------------------------------------------------------------------|--------|------|------|------|------|------|------|------|------|------|------|------
         Aggregated                                                                           2800   3200  35000  35000  36000  36000  39000  39000  39000  39000  39000     93

