[2026-09-23 09:56:57,958] turin-xcovoid0021-pod-5/INFO/locust.main: Starting Locust 2.46.6
[2026-09-23 09:56:57,981] turin-xcovoid0021-pod-5/INFO/locust.main: Run time limit set to 300 seconds
[2026-09-23 09:56:57,986] turin-xcovoid0021-pod-5/INFO/locust.runners: Ramping to 16 users at a rate of 1.00 per second
[2026-09-23 09:57:13,229] turin-xcovoid0021-pod-5/INFO/locust.runners: All users spawned: {"LLMUser": 16} (16 total users)
[2026-09-23 10:01:57,580] turin-xcovoid0021-pod-5/INFO/locust.main: --run-time limit reached, shutting down
[2026-09-23 10:01:57,764] turin-xcovoid0021-pod-5/INFO/locust.main: Shutting down (exit code 0)
Type     Name                                                                          # reqs      # fails |    Avg     Min     Max    Med |   req/s  failures/s
--------|----------------------------------------------------------------------------|-------|-------------|-------|-------|-------|-------|--------|-----------
POST     completion                                                                        76     0(0.00%) |  32129   24222   43910  31000 |    0.25        0.00
TPOT     completion                                                                        76     0(0.00%) |    230     179     331    220 |    0.25        0.00
TTFT     completion                                                                        76     0(0.00%) |   2856    1398   11426   1800 |    0.25        0.00
--------|----------------------------------------------------------------------------|-------|-------------|-------|-------|-------|-------|--------|-----------
         Aggregated                                                                       228     0(0.00%) |  11738     179   43910   1800 |    0.76        0.00

Response time percentiles (approximated)
Type     Name                                                                                  50%    66%    75%    80%    90%    95%    98%    99%  99.9% 99.99%   100% # reqs
--------|--------------------------------------------------------------------------------|--------|------|------|------|------|------|------|------|------|------|------|------
POST     completion                                                                          31000  32000  33000  34000  42000  43000  44000  44000  44000  44000  44000     76
TPOT     completion                                                                            220    240    240    250    300    320    320    330    330    330    330     76
TTFT     completion                                                                           1800   3200   4100   4100   4800   7500   8200  11000  11000  11000  11000     76
--------|--------------------------------------------------------------------------------|--------|------|------|------|------|------|------|------|------|------|------|------
         Aggregated                                                                           1800   8200  29000  30000  32000  41000  43000  43000  44000  44000  44000    228

