[2026-09-24 08:29:29,909] turin-xcovoid0021-pod-5/INFO/locust.main: Starting Locust 2.46.6
[2026-09-24 08:29:29,922] turin-xcovoid0021-pod-5/INFO/locust.main: Run time limit set to 300 seconds
[2026-09-24 08:29:29,934] turin-xcovoid0021-pod-5/INFO/locust.runners: Ramping to 12 users at a rate of 1.00 per second
[2026-09-24 08:29:40,983] turin-xcovoid0021-pod-5/INFO/locust.runners: All users spawned: {"LLMUser": 12} (12 total users)
[2026-09-24 08:34:29,382] turin-xcovoid0021-pod-5/INFO/locust.main: --run-time limit reached, shutting down
[2026-09-24 08:34:29,633] turin-xcovoid0021-pod-5/INFO/locust.main: Shutting down (exit code 0)
Type     Name                                                                          # reqs      # fails |    Avg     Min     Max    Med |   req/s  failures/s
--------|----------------------------------------------------------------------------|-------|-------------|-------|-------|-------|-------|--------|-----------
POST     completion                                                                        35     0(0.00%) |  82446    7353  129387  87000 |    0.12        0.00
TPOT     completion                                                                        34     0(0.00%) |    622     384     970    660 |    0.11        0.00
TTFT     completion                                                                        35     0(0.00%) |   5665    4346    7353   5700 |    0.12        0.00
--------|----------------------------------------------------------------------------|-------|-------------|-------|-------|-------|-------|--------|-----------
         Aggregated                                                                       104     0(0.00%) |  29856     384  129387   5700 |    0.35        0.00

Response time percentiles (approximated)
Type     Name                                                                                  50%    66%    75%    80%    90%    95%    98%    99%  99.9% 99.99%   100% # reqs
--------|--------------------------------------------------------------------------------|--------|------|------|------|------|------|------|------|------|------|------|------
POST     completion                                                                          87000 103000 108000 108000 122000 127000 129000 129000 129000 129000 129000     35
TPOT     completion                                                                            660    760    800    810    920    960    970    970    970    970    970     34
TTFT     completion                                                                           5700   5900   6100   6200   7100   7300   7400   7400   7400   7400   7400     35
--------|--------------------------------------------------------------------------------|--------|------|------|------|------|------|------|------|------|------|------|------
         Aggregated                                                                           5700   7400  61000  64000 105000 111000 123000 127000 129000 129000 129000    104

