[warmup 1/1] pp=512 tg=1
[measure 1/3] pp=512 tg=1
[measure 2/3] pp=512 tg=1
[measure 3/3] pp=512 tg=1
{
  "backend": "llamacpp",
  "url": "http://192.168.7.60:8080",
  "model": "default",
  "pp": 512,
  "tg": 1,
  "num_iters": 3,
  "warmup_iters": 1,
  "iters": [
    {
      "client_wall_s": 1.1138244119938463,
      "prompt_n": 512,
      "prompt_ms": 1112.426,
      "prompt_per_second": 460.25533383793623,
      "predicted_n": 1,
      "predicted_ms": 0.001,
      "predicted_per_second": 0.0,
      "ttft_s": 1.112426
    },
    {
      "client_wall_s": 1.1114638359867968,
      "prompt_n": 512,
      "prompt_ms": 1110.055,
      "prompt_per_second": 461.2384071059542,
      "predicted_n": 1,
      "predicted_ms": 0.001,
      "predicted_per_second": 0.0,
      "ttft_s": 1.110055
    },
    {
      "client_wall_s": 1.1175907469878439,
      "prompt_n": 512,
      "prompt_ms": 1116.178,
      "prompt_per_second": 458.7081988715061,
      "predicted_n": 1,
      "predicted_ms": 0.001,
      "predicted_per_second": 0.0,
      "ttft_s": 1.1161780000000001
    }
  ],
  "mean_ttft_s": 1.1128863333333332,
  "tok_s": 460.06495422263856
}
