[warmup 1/1] pp=96 tg=1
[measure 1/3] pp=96 tg=1
[measure 2/3] pp=96 tg=1
[measure 3/3] pp=96 tg=1
{
  "backend": "llamacpp",
  "url": "http://192.168.7.60:8080",
  "model": "default",
  "pp": 96,
  "tg": 1,
  "num_iters": 3,
  "warmup_iters": 1,
  "iters": [
    {
      "client_wall_s": 0.21997754101175815,
      "prompt_n": 96,
      "prompt_ms": 218.708,
      "prompt_per_second": 438.9414196097079,
      "predicted_n": 1,
      "predicted_ms": 0.001,
      "predicted_per_second": 0.0,
      "ttft_s": 0.21870799999999999
    },
    {
      "client_wall_s": 0.21956556200166233,
      "prompt_n": 96,
      "prompt_ms": 218.381,
      "prompt_per_second": 439.5986830356121,
      "predicted_n": 1,
      "predicted_ms": 0.001,
      "predicted_per_second": 0.0,
      "ttft_s": 0.218381
    },
    {
      "client_wall_s": 0.21954037799150683,
      "prompt_n": 96,
      "prompt_ms": 218.148,
      "prompt_per_second": 440.0682105726388,
      "predicted_n": 1,
      "predicted_ms": 0.001,
      "predicted_per_second": 0.0,
      "ttft_s": 0.218148
    }
  ],
  "mean_ttft_s": 0.21841233333333332,
  "tok_s": 439.5356184098273
}
