[warmup 1/1] pp=4 tg=1
[measure 1/3] pp=4 tg=1
[measure 2/3] pp=4 tg=1
[measure 3/3] pp=4 tg=1
{
  "backend": "llamacpp",
  "url": "http://192.168.7.60:8080",
  "model": "default",
  "pp": 4,
  "tg": 1,
  "num_iters": 3,
  "warmup_iters": 1,
  "iters": [
    {
      "client_wall_s": 0.12798623499111272,
      "prompt_n": 4,
      "prompt_ms": 126.709,
      "prompt_per_second": 31.568396877885547,
      "predicted_n": 1,
      "predicted_ms": 0.001,
      "predicted_per_second": 0.0,
      "ttft_s": 0.12670900000000002
    },
    {
      "client_wall_s": 0.12629391899099573,
      "prompt_n": 4,
      "prompt_ms": 125.15,
      "prompt_per_second": 31.961646024770275,
      "predicted_n": 1,
      "predicted_ms": 0.001,
      "predicted_per_second": 0.0,
      "ttft_s": 0.12515
    },
    {
      "client_wall_s": 0.1264016980130691,
      "prompt_n": 4,
      "prompt_ms": 125.072,
      "prompt_per_second": 31.981578610720224,
      "predicted_n": 1,
      "predicted_ms": 0.001,
      "predicted_per_second": 0.0,
      "ttft_s": 0.12507200000000002
    }
  ],
  "mean_ttft_s": 0.12564366666666668,
  "tok_s": 31.8360654867867
}
