[warmup 1/1] pp=16 tg=1
[measure 1/3] pp=16 tg=1
[measure 2/3] pp=16 tg=1
[measure 3/3] pp=16 tg=1
{
  "backend": "llamacpp",
  "url": "http://192.168.7.60:8080",
  "model": "default",
  "pp": 16,
  "tg": 1,
  "num_iters": 3,
  "warmup_iters": 1,
  "iters": [
    {
      "client_wall_s": 0.13610735698603094,
      "prompt_n": 16,
      "prompt_ms": 134.814,
      "prompt_per_second": 118.68203599032742,
      "predicted_n": 1,
      "predicted_ms": 0.001,
      "predicted_per_second": 0.0,
      "ttft_s": 0.134814
    },
    {
      "client_wall_s": 0.1358750469808001,
      "prompt_n": 16,
      "prompt_ms": 134.77,
      "prompt_per_second": 118.72078355717147,
      "predicted_n": 1,
      "predicted_ms": 0.001,
      "predicted_per_second": 0.0,
      "ttft_s": 0.13477
    },
    {
      "client_wall_s": 0.13614147499902174,
      "prompt_n": 16,
      "prompt_ms": 134.799,
      "prompt_per_second": 118.69524254630969,
      "predicted_n": 1,
      "predicted_ms": 0.001,
      "predicted_per_second": 0.0,
      "ttft_s": 0.134799
    }
  ],
  "mean_ttft_s": 0.13479433333333332,
  "tok_s": 118.69935185208084
}
