[warmup 1/1] pp=32 tg=1
[measure 1/3] pp=32 tg=1
[measure 2/3] pp=32 tg=1
[measure 3/3] pp=32 tg=1
{
  "backend": "llamacpp",
  "url": "http://192.168.7.60:8080",
  "model": "default",
  "pp": 32,
  "tg": 1,
  "num_iters": 3,
  "warmup_iters": 1,
  "iters": [
    {
      "client_wall_s": 0.14897568098967895,
      "prompt_n": 32,
      "prompt_ms": 147.683,
      "prompt_per_second": 216.68032204112865,
      "predicted_n": 1,
      "predicted_ms": 0.001,
      "predicted_per_second": 0.0,
      "ttft_s": 0.14768299999999998
    },
    {
      "client_wall_s": 0.16379282201523893,
      "prompt_n": 32,
      "prompt_ms": 162.599,
      "prompt_per_second": 196.80317837133072,
      "predicted_n": 1,
      "predicted_ms": 0.001,
      "predicted_per_second": 0.0,
      "ttft_s": 0.162599
    },
    {
      "client_wall_s": 0.14874746499117464,
      "prompt_n": 32,
      "prompt_ms": 147.407,
      "prompt_per_second": 217.0860271221855,
      "predicted_n": 1,
      "predicted_ms": 0.001,
      "predicted_per_second": 0.0,
      "ttft_s": 0.147407
    }
  ],
  "mean_ttft_s": 0.152563,
  "tok_s": 209.74941499577224
}
