[warmup 1/1] pp=384 tg=1
[measure 1/3] pp=384 tg=1
[measure 2/3] pp=384 tg=1
[measure 3/3] pp=384 tg=1
{
  "backend": "llamacpp",
  "url": "http://192.168.7.60:8080",
  "model": "default",
  "pp": 384,
  "tg": 1,
  "num_iters": 3,
  "warmup_iters": 1,
  "iters": [
    {
      "client_wall_s": 0.8381769710103981,
      "prompt_n": 384,
      "prompt_ms": 836.888,
      "prompt_per_second": 458.8427603215723,
      "predicted_n": 1,
      "predicted_ms": 0.001,
      "predicted_per_second": 0.0,
      "ttft_s": 0.8368880000000001
    },
    {
      "client_wall_s": 0.8312289559980854,
      "prompt_n": 384,
      "prompt_ms": 829.98,
      "prompt_per_second": 462.6617508855635,
      "predicted_n": 1,
      "predicted_ms": 0.001,
      "predicted_per_second": 0.0,
      "ttft_s": 0.82998
    },
    {
      "client_wall_s": 0.8347651440126356,
      "prompt_n": 384,
      "prompt_ms": 833.439,
      "prompt_per_second": 460.7415779679137,
      "predicted_n": 1,
      "predicted_ms": 0.001,
      "predicted_per_second": 0.0,
      "ttft_s": 0.8334389999999999
    }
  ],
  "mean_ttft_s": 0.8334356666666668,
  "tok_s": 460.743420707937
}
