[warmup 1/1] pp=4096 tg=1
[measure 1/3] pp=4096 tg=1
[measure 2/3] pp=4096 tg=1
[measure 3/3] pp=4096 tg=1
{
  "backend": "llamacpp",
  "url": "http://192.168.7.60:8080",
  "model": "default",
  "pp": 4096,
  "tg": 1,
  "num_iters": 3,
  "warmup_iters": 1,
  "iters": [
    {
      "client_wall_s": 12.579351156018674,
      "prompt_n": 4096,
      "prompt_ms": 12576.463,
      "prompt_per_second": 325.68775497530584,
      "predicted_n": 1,
      "predicted_ms": 0.001,
      "predicted_per_second": 0.0,
      "ttft_s": 12.576463
    },
    {
      "client_wall_s": 12.119729641999584,
      "prompt_n": 4096,
      "prompt_ms": 12117.028,
      "prompt_per_second": 338.03668688394544,
      "predicted_n": 1,
      "predicted_ms": 0.001,
      "predicted_per_second": 0.0,
      "ttft_s": 12.117028
    },
    {
      "client_wall_s": 10.886934904992813,
      "prompt_n": 4096,
      "prompt_ms": 10884.672,
      "prompt_per_second": 376.30899672493575,
      "predicted_n": 1,
      "predicted_ms": 0.001,
      "predicted_per_second": 0.0,
      "ttft_s": 10.884672
    }
  ],
  "mean_ttft_s": 11.859387666666668,
  "tok_s": 345.38039527223475
}
