[2026-09-24 08:23:58,648] turin-xcovoid0021-pod-5/INFO/locust.main: Starting Locust 2.46.6
[2026-09-24 08:23:58,762] turin-xcovoid0021-pod-5/INFO/locust.main: Run time limit set to 300 seconds
[2026-09-24 08:23:58,777] turin-xcovoid0021-pod-5/INFO/locust.runners: Ramping to 8 users at a rate of 1.00 per second
[2026-09-24 08:24:05,971] turin-xcovoid0021-pod-5/INFO/locust.runners: All users spawned: {"LLMUser": 8} (8 total users)
[2026-09-24 08:28:57,763] turin-xcovoid0021-pod-5/INFO/locust.main: --run-time limit reached, shutting down
[2026-09-24 08:28:57,958] turin-xcovoid0021-pod-5/INFO/locust.main: Shutting down (exit code 0)
Type     Name                                                                          # reqs      # fails |    Avg     Min     Max    Med |   req/s  failures/s
--------|----------------------------------------------------------------------------|-------|-------------|-------|-------|-------|-------|--------|-----------
POST     completion                                                                        33     0(0.00%) |  59090   49189   72418  58000 |    0.11        0.00
TPOT     completion                                                                        33     0(0.00%) |    422     343     521    410 |    0.11        0.00
TTFT     completion                                                                        33     0(0.00%) |   5490    3891    6274   5700 |    0.11        0.00
--------|----------------------------------------------------------------------------|-------|-------------|-------|-------|-------|-------|--------|-----------
         Aggregated                                                                        99     0(0.00%) |  21667     343   72418   5700 |    0.34        0.00

Response time percentiles (approximated)
Type     Name                                                                                  50%    66%    75%    80%    90%    95%    98%    99%  99.9% 99.99%   100% # reqs
--------|--------------------------------------------------------------------------------|--------|------|------|------|------|------|------|------|------|------|------|------
POST     completion                                                                          58000  61000  65000  67000  71000  72000  72000  72000  72000  72000  72000     33
TPOT     completion                                                                            410    440    480    480    520    520    520    520    520    520    520     33
TTFT     completion                                                                           5700   5800   5800   5900   6000   6200   6300   6300   6300   6300   6300     33
--------|--------------------------------------------------------------------------------|--------|------|------|------|------|------|------|------|------|------|------|------
         Aggregated                                                                           5700   6300  52000  56000  64000  70000  72000  72000  72000  72000  72000     99

