[2026-09-23 09:45:56,258] turin-xcovoid0021-pod-5/INFO/locust.main: Starting Locust 2.46.6
[2026-09-23 09:45:56,423] turin-xcovoid0021-pod-5/INFO/locust.main: Run time limit set to 300 seconds
[2026-09-23 09:45:56,439] turin-xcovoid0021-pod-5/INFO/locust.runners: Ramping to 8 users at a rate of 1.00 per second
[2026-09-23 09:46:03,473] turin-xcovoid0021-pod-5/INFO/locust.runners: All users spawned: {"LLMUser": 8} (8 total users)
[2026-09-23 09:50:55,929] turin-xcovoid0021-pod-5/INFO/locust.main: --run-time limit reached, shutting down
[2026-09-23 09:50:56,112] turin-xcovoid0021-pod-5/INFO/locust.main: Shutting down (exit code 0)
Type     Name                                                                          # reqs      # fails |    Avg     Min     Max    Med |   req/s  failures/s
--------|----------------------------------------------------------------------------|-------|-------------|-------|-------|-------|-------|--------|-----------
POST     completion                                                                        40     0(0.00%) |  24580   18570   29228  24000 |    0.14        0.00
TPOT     completion                                                                        40     0(0.00%) |    175     134     218    180 |    0.14        0.00
TTFT     completion                                                                        40     0(0.00%) |   2246    1356    4450   1700 |    0.14        0.00
--------|----------------------------------------------------------------------------|-------|-------------|-------|-------|-------|-------|--------|-----------
         Aggregated                                                                       120     0(0.00%) |   9000     134   29228   1700 |    0.42        0.00

Response time percentiles (approximated)
Type     Name                                                                                  50%    66%    75%    80%    90%    95%    98%    99%  99.9% 99.99%   100% # reqs
--------|--------------------------------------------------------------------------------|--------|------|------|------|------|------|------|------|------|------|------|------
POST     completion                                                                          24000  27000  27000  28000  28000  29000  29000  29000  29000  29000  29000     40
TPOT     completion                                                                            180    190    200    210    210    210    220    220    220    220    220     40
TTFT     completion                                                                           1700   2300   2700   3900   4300   4500   4500   4500   4500   4500   4500     40
--------|--------------------------------------------------------------------------------|--------|------|------|------|------|------|------|------|------|------|------|------
         Aggregated                                                                           1700   4500  23000  24000  27000  28000  29000  29000  29000  29000  29000    120

