[2026-09-24 08:35:01,621] turin-xcovoid0021-pod-5/INFO/locust.main: Starting Locust 2.46.6
[2026-09-24 08:35:01,634] turin-xcovoid0021-pod-5/INFO/locust.main: Run time limit set to 300 seconds
[2026-09-24 08:35:01,648] turin-xcovoid0021-pod-5/INFO/locust.runners: Ramping to 16 users at a rate of 1.00 per second
[2026-09-24 08:35:16,721] turin-xcovoid0021-pod-5/INFO/locust.runners: All users spawned: {"LLMUser": 16} (16 total users)
[2026-09-24 08:40:01,056] turin-xcovoid0021-pod-5/INFO/locust.main: --run-time limit reached, shutting down
[2026-09-24 08:40:01,404] turin-xcovoid0021-pod-5/INFO/locust.main: Shutting down (exit code 0)
Type     Name                                                                          # reqs      # fails |    Avg     Min     Max    Med |   req/s  failures/s
--------|----------------------------------------------------------------------------|-------|-------------|-------|-------|-------|-------|--------|-----------
POST     completion                                                                        33     0(0.00%) |  95458    6224  199916  80000 |    0.11        0.00
TPOT     completion                                                                        32     0(0.00%) |    729     347    1531    690 |    0.11        0.00
TTFT     completion                                                                        33     0(0.00%) |   5674    3936    7629   5500 |    0.11        0.00
--------|----------------------------------------------------------------------------|-------|-------------|-------|-------|-------|-------|--------|-----------
         Aggregated                                                                        98     0(0.00%) |  34293     347  199916   5600 |    0.34        0.00

Response time percentiles (approximated)
Type     Name                                                                                  50%    66%    75%    80%    90%    95%    98%    99%  99.9% 99.99%   100% # reqs
--------|--------------------------------------------------------------------------------|--------|------|------|------|------|------|------|------|------|------|------|------
POST     completion                                                                          80000 101000 114000 118000 193000 198000 200000 200000 200000 200000 200000     33
TPOT     completion                                                                            690    780    870    870   1500   1500   1500   1500   1500   1500   1500     32
TTFT     completion                                                                           5500   5700   6200   6500   7000   7400   7600   7600   7600   7600   7600     33
--------|--------------------------------------------------------------------------------|--------|------|------|------|------|------|------|------|------|------|------|------
         Aggregated                                                                           5600   7400  61000  65000 113000 184000 198000 200000 200000 200000 200000     98

