[2026-09-25 07:40:33,909] turin-xcovoid0021-pod-5/INFO/locust.main: Starting Locust 2.46.6
[2026-09-25 07:40:33,916] turin-xcovoid0021-pod-5/INFO/locust.main: Run time limit set to 300 seconds
[2026-09-25 07:40:33,926] turin-xcovoid0021-pod-5/INFO/locust.runners: Ramping to 16 users at a rate of 1.00 per second
[2026-09-25 07:40:48,974] turin-xcovoid0021-pod-5/INFO/locust.runners: All users spawned: {"LLMUser": 16} (16 total users)
[2026-09-25 07:45:33,683] turin-xcovoid0021-pod-5/INFO/locust.main: --run-time limit reached, shutting down
[2026-09-25 07:45:33,928] turin-xcovoid0021-pod-5/INFO/locust.main: Shutting down (exit code 0)
Type     Name                                                                          # reqs      # fails |    Avg     Min     Max    Med |   req/s  failures/s
--------|----------------------------------------------------------------------------|-------|-------------|-------|-------|-------|-------|--------|-----------
POST     completion                                                                        48     0(0.00%) |  80287   74295   86410  80000 |    0.17        0.00
TPOT     completion                                                                        48     0(0.00%) |    588     540     635    590 |    0.17        0.00
TTFT     completion                                                                        48     0(0.00%) |   5562    4579    6771   5600 |    0.17        0.00
--------|----------------------------------------------------------------------------|-------|-------------|-------|-------|-------|-------|--------|-----------
         Aggregated                                                                       144     0(0.00%) |  28812     540   86410   5600 |    0.52        0.00

Response time percentiles (approximated)
Type     Name                                                                                  50%    66%    75%    80%    90%    95%    98%    99%  99.9% 99.99%   100% # reqs
--------|--------------------------------------------------------------------------------|--------|------|------|------|------|------|------|------|------|------|------|------
POST     completion                                                                          80000  81000  81000  81000  85000  86000  86000  86000  86000  86000  86000     48
TPOT     completion                                                                            590    590    590    590    620    630    640    640    640    640    640     48
TTFT     completion                                                                           5600   5600   5700   5700   5800   6000   6800   6800   6800   6800   6800     48
--------|--------------------------------------------------------------------------------|--------|------|------|------|------|------|------|------|------|------|------|------
         Aggregated                                                                           5600   6800  79000  80000  81000  81000  86000  86000  86000  86000  86000    144

