[2026-09-25 07:29:31,620] turin-xcovoid0021-pod-5/INFO/locust.main: Starting Locust 2.46.6
[2026-09-25 07:29:31,631] turin-xcovoid0021-pod-5/INFO/locust.main: Run time limit set to 300 seconds
[2026-09-25 07:29:31,644] turin-xcovoid0021-pod-5/INFO/locust.runners: Ramping to 8 users at a rate of 1.00 per second
[2026-09-25 07:29:38,665] turin-xcovoid0021-pod-5/INFO/locust.runners: All users spawned: {"LLMUser": 8} (8 total users)
[2026-09-25 07:34:31,374] turin-xcovoid0021-pod-5/INFO/locust.main: --run-time limit reached, shutting down
[2026-09-25 07:34:31,569] turin-xcovoid0021-pod-5/INFO/locust.main: Shutting down (exit code 0)
Type     Name                                                                          # reqs      # fails |    Avg     Min     Max    Med |   req/s  failures/s
--------|----------------------------------------------------------------------------|-------|-------------|-------|-------|-------|-------|--------|-----------
POST     completion                                                                        28     0(0.00%) |  69434   63452   76212  69000 |    0.09        0.00
TPOT     completion                                                                        28     0(0.00%) |    504     463     555    500 |    0.09        0.00
TTFT     completion                                                                        28     0(0.00%) |   5393    4541    5813   5500 |    0.09        0.00
--------|----------------------------------------------------------------------------|-------|-------------|-------|-------|-------|-------|--------|-----------
         Aggregated                                                                        84     0(0.00%) |  25110     463   76212   5500 |    0.28        0.00

Response time percentiles (approximated)
Type     Name                                                                                  50%    66%    75%    80%    90%    95%    98%    99%  99.9% 99.99%   100% # reqs
--------|--------------------------------------------------------------------------------|--------|------|------|------|------|------|------|------|------|------|------|------
POST     completion                                                                          69000  69000  70000  70000  75000  76000  76000  76000  76000  76000  76000     28
TPOT     completion                                                                            500    500    510    510    550    550    560    560    560    560    560     28
TTFT     completion                                                                           5500   5600   5600   5700   5700   5700   5800   5800   5800   5800   5800     28
--------|--------------------------------------------------------------------------------|--------|------|------|------|------|------|------|------|------|------|------|------
         Aggregated                                                                           5500   5800  69000  69000  69000  70000  76000  76000  76000  76000  76000     84

