[2026-09-24 06:56:41,099] turin-xcovoid0021-pod-5/INFO/locust.main: Starting Locust 2.46.6
[2026-09-24 06:56:41,111] turin-xcovoid0021-pod-5/INFO/locust.main: Run time limit set to 300 seconds
[2026-09-24 06:56:41,129] turin-xcovoid0021-pod-5/INFO/locust.runners: Ramping to 8 users at a rate of 1.00 per second
[2026-09-24 06:56:48,161] turin-xcovoid0021-pod-5/INFO/locust.runners: All users spawned: {"LLMUser": 8} (8 total users)
[2026-09-24 07:01:40,753] turin-xcovoid0021-pod-5/INFO/locust.main: --run-time limit reached, shutting down
[2026-09-24 07:01:40,990] turin-xcovoid0021-pod-5/INFO/locust.main: Shutting down (exit code 0)
Type     Name                                                                          # reqs      # fails |    Avg     Min     Max    Med |   req/s  failures/s
--------|----------------------------------------------------------------------------|-------|-------------|-------|-------|-------|-------|--------|-----------
POST     completion                                                                        42     0(0.00%) |  48619    3647   70267  47000 |    0.14        0.00
TPOT     completion                                                                        41     0(0.00%) |    360     271     525    340 |    0.14        0.00
TTFT     completion                                                                        42     0(0.00%) |   3972    3308    6832   3600 |    0.14        0.00
--------|----------------------------------------------------------------------------|-------|-------------|-------|-------|-------|-------|--------|-----------
         Aggregated                                                                       125     0(0.00%) |  17789     271   70267   3600 |    0.42        0.00

Response time percentiles (approximated)
Type     Name                                                                                  50%    66%    75%    80%    90%    95%    98%    99%  99.9% 99.99%   100% # reqs
--------|--------------------------------------------------------------------------------|--------|------|------|------|------|------|------|------|------|------|------|------
POST     completion                                                                          47000  49000  52000  54000  58000  69000  70000  70000  70000  70000  70000     42
TPOT     completion                                                                            340    360    380    380    420    510    530    530    530    530    530     41
TTFT     completion                                                                           3600   3700   3900   4000   5300   6500   6800   6800   6800   6800   6800     42
--------|--------------------------------------------------------------------------------|--------|------|------|------|------|------|------|------|------|------|------|------
         Aggregated                                                                           3600   6800  44000  46000  50000  55000  69000  69000  70000  70000  70000    125

