[2026-09-24 07:16:42,762] turin-xcovoid0021-pod-5/INFO/locust.main: Starting Locust 2.46.6
[2026-09-24 07:16:42,771] turin-xcovoid0021-pod-5/INFO/locust.main: Run time limit set to 300 seconds
[2026-09-24 07:16:42,774] turin-xcovoid0021-pod-5/INFO/locust.runners: Ramping to 2 users at a rate of 1.00 per second
[2026-09-24 07:16:43,776] turin-xcovoid0021-pod-5/INFO/locust.runners: All users spawned: {"LLMUser": 2} (2 total users)
[2026-09-24 07:21:42,181] turin-xcovoid0021-pod-5/INFO/locust.main: --run-time limit reached, shutting down
[2026-09-24 07:21:42,407] turin-xcovoid0021-pod-5/INFO/locust.main: Shutting down (exit code 0)
Type     Name                                                                          # reqs      # fails |    Avg     Min     Max    Med |   req/s  failures/s
--------|----------------------------------------------------------------------------|-------|-------------|-------|-------|-------|-------|--------|-----------
POST     completion                                                                        17     0(0.00%) |  32088   29636   32745  32000 |    0.06        0.00
TPOT     completion                                                                        17     0(0.00%) |    232     214     236    230 |    0.06        0.00
TTFT     completion                                                                        17     0(0.00%) |   2594    2369    2726   2600 |    0.06        0.00
--------|----------------------------------------------------------------------------|-------|-------------|-------|-------|-------|-------|--------|-----------
         Aggregated                                                                        51     0(0.00%) |  11638     214   32745   2600 |    0.18        0.00

Response time percentiles (approximated)
Type     Name                                                                                  50%    66%    75%    80%    90%    95%    98%    99%  99.9% 99.99%   100% # reqs
--------|--------------------------------------------------------------------------------|--------|------|------|------|------|------|------|------|------|------|------|------
POST     completion                                                                          32000  33000  33000  33000  33000  33000  33000  33000  33000  33000  33000     17
TPOT     completion                                                                            230    240    240    240    240    240    240    240    240    240    240     17
TTFT     completion                                                                           2600   2700   2700   2700   2700   2700   2700   2700   2700   2700   2700     17
--------|--------------------------------------------------------------------------------|--------|------|------|------|------|------|------|------|------|------|------|------
         Aggregated                                                                           2600   2700  32000  32000  33000  33000  33000  33000  33000  33000  33000     51

