[2026-09-23 09:08:17,506] turin-xcovoid0021-pod-5/INFO/locust.main: Starting Locust 2.46.6
[2026-09-23 09:08:17,531] turin-xcovoid0021-pod-5/INFO/locust.main: Run time limit set to 300 seconds
[2026-09-23 09:08:17,550] turin-xcovoid0021-pod-5/INFO/locust.runners: Ramping to 4 users at a rate of 1.00 per second
[2026-09-23 09:08:20,551] turin-xcovoid0021-pod-5/INFO/locust.runners: All users spawned: {"LLMUser": 4} (4 total users)
[2026-09-23 09:13:17,240] turin-xcovoid0021-pod-5/INFO/locust.main: --run-time limit reached, shutting down
[2026-09-23 09:13:17,457] turin-xcovoid0021-pod-5/INFO/locust.main: Shutting down (exit code 0)
Type     Name                                                                          # reqs      # fails |    Avg     Min     Max    Med |   req/s  failures/s
--------|----------------------------------------------------------------------------|-------|-------------|-------|-------|-------|-------|--------|-----------
POST     completion                                                                        20     0(0.00%) |  21660   18798   23700  22000 |    0.08        0.00
TPOT     completion                                                                        20     0(0.00%) |    155     135     174    160 |    0.08        0.00
TTFT     completion                                                                        20     0(0.00%) |   1876    1508    2666   1700 |    0.08        0.00
--------|----------------------------------------------------------------------------|-------|-------------|-------|-------|-------|-------|--------|-----------
         Aggregated                                                                        60     0(0.00%) |   7897     135   23700   1700 |    0.23        0.00

Response time percentiles (approximated)
Type     Name                                                                                  50%    66%    75%    80%    90%    95%    98%    99%  99.9% 99.99%   100% # reqs
--------|--------------------------------------------------------------------------------|--------|------|------|------|------|------|------|------|------|------|------|------
POST     completion                                                                          22000  23000  23000  23000  24000  24000  24000  24000  24000  24000  24000     20
TPOT     completion                                                                            160    160    170    170    170    170    170    170    170    170    170     20
TTFT     completion                                                                           1700   2000   2100   2500   2500   2700   2700   2700   2700   2700   2700     20
--------|--------------------------------------------------------------------------------|--------|------|------|------|------|------|------|------|------|------|------|------
         Aggregated                                                                           1700   2700  20000  22000  23000  23000  24000  24000  24000  24000  24000     60

