[2026-09-23 08:53:33,267] turin-xcovoid0021-pod-5/INFO/locust.main: Starting Locust 2.46.6
[2026-09-23 08:53:33,283] turin-xcovoid0021-pod-5/INFO/locust.main: Run time limit set to 300 seconds
[2026-09-23 08:53:33,299] turin-xcovoid0021-pod-5/INFO/locust.runners: Ramping to 16 users at a rate of 1.00 per second
[2026-09-23 08:53:48,328] turin-xcovoid0021-pod-5/INFO/locust.runners: All users spawned: {"LLMUser": 16} (16 total users)
[2026-09-23 08:58:32,966] turin-xcovoid0021-pod-5/INFO/locust.main: --run-time limit reached, shutting down
[2026-09-23 08:58:33,183] turin-xcovoid0021-pod-5/INFO/locust.main: Shutting down (exit code 0)
Type     Name                                                                          # reqs      # fails |    Avg     Min     Max    Med |   req/s  failures/s
--------|----------------------------------------------------------------------------|-------|-------------|-------|-------|-------|-------|--------|-----------
POST     completion                                                                        65     0(0.00%) |  49389    1902   60580  50000 |    0.23        0.00
TPOT     completion                                                                        64     0(0.00%) |    375     264     450    380 |    0.23        0.00
TTFT     completion                                                                        65     0(0.00%) |   2417    1583    6199   2100 |    0.23        0.00
--------|----------------------------------------------------------------------------|-------|-------------|-------|-------|-------|-------|--------|-----------
         Aggregated                                                                       194     0(0.00%) |  17481     264   60580   2100 |    0.69        0.00

Response time percentiles (approximated)
Type     Name                                                                                  50%    66%    75%    80%    90%    95%    98%    99%  99.9% 99.99%   100% # reqs
--------|--------------------------------------------------------------------------------|--------|------|------|------|------|------|------|------|------|------|------|------
POST     completion                                                                          50000  53000  55000  56000  58000  59000  59000  61000  61000  61000  61000     65
TPOT     completion                                                                            380    410    420    420    440    450    450    450    450    450    450     64
TTFT     completion                                                                           2100   2300   2400   2600   3800   3800   4300   6200   6200   6200   6200     65
--------|--------------------------------------------------------------------------------|--------|------|------|------|------|------|------|------|------|------|------|------
         Aggregated                                                                           2100   4300  46000  48000  54000  56000  59000  59000  61000  61000  61000    194

