[warmup 1/1] pp=2 tg=1
[measure 1/3] pp=2 tg=1
[measure 2/3] pp=2 tg=1
[measure 3/3] pp=2 tg=1
{
  "backend": "llamacpp",
  "url": "http://192.168.7.60:8080",
  "model": "default",
  "pp": 2,
  "tg": 1,
  "num_iters": 3,
  "warmup_iters": 1,
  "iters": [
    {
      "client_wall_s": 0.07210184901487082,
      "prompt_n": 2,
      "prompt_ms": 70.995,
      "prompt_per_second": 28.170997957602648,
      "predicted_n": 1,
      "predicted_ms": 0.001,
      "predicted_per_second": 0.0,
      "ttft_s": 0.070995
    },
    {
      "client_wall_s": 0.07200370298232883,
      "prompt_n": 2,
      "prompt_ms": 70.957,
      "prompt_per_second": 28.186084530067507,
      "predicted_n": 1,
      "predicted_ms": 0.001,
      "predicted_per_second": 0.0,
      "ttft_s": 0.07095699999999999
    },
    {
      "client_wall_s": 0.07157795599778183,
      "prompt_n": 2,
      "prompt_ms": 70.472,
      "prompt_per_second": 28.380065841752756,
      "predicted_n": 1,
      "predicted_ms": 0.001,
      "predicted_per_second": 0.0,
      "ttft_s": 0.07047199999999999
    }
  ],
  "mean_ttft_s": 0.070808,
  "tok_s": 28.24539600045193
}
