[warmup 1/1] pp=4096 tg=1
[measure 1/3] pp=4096 tg=1
[measure 2/3] pp=4096 tg=1
[measure 3/3] pp=4096 tg=1
{
  "backend": "llamacpp",
  "url": "http://192.168.7.60:8080",
  "model": "default",
  "pp": 4096,
  "tg": 1,
  "num_iters": 3,
  "warmup_iters": 1,
  "iters": [
    {
      "client_wall_s": 15.106694354006322,
      "prompt_n": 4096,
      "prompt_ms": 15104.571,
      "prompt_per_second": 271.17618898279204,
      "predicted_n": 1,
      "predicted_ms": 0.001,
      "predicted_per_second": 0.0,
      "ttft_s": 15.104571
    },
    {
      "client_wall_s": 15.100362068013055,
      "prompt_n": 4096,
      "prompt_ms": 15098.141,
      "prompt_per_second": 271.2916775648075,
      "predicted_n": 1,
      "predicted_ms": 0.001,
      "predicted_per_second": 0.0,
      "ttft_s": 15.098141
    },
    {
      "client_wall_s": 15.107805276988074,
      "prompt_n": 4096,
      "prompt_ms": 15105.546,
      "prompt_per_second": 271.1586856906728,
      "predicted_n": 1,
      "predicted_ms": 0.001,
      "predicted_per_second": 0.0,
      "ttft_s": 15.105546
    }
  ],
  "mean_ttft_s": 15.102752666666667,
  "tok_s": 271.2088379120645
}
