[warmup 1/1] pp=768 tg=1
[measure 1/3] pp=768 tg=1
[measure 2/3] pp=768 tg=1
[measure 3/3] pp=768 tg=1
{
  "backend": "llamacpp",
  "url": "http://192.168.7.60:8080",
  "model": "default",
  "pp": 768,
  "tg": 1,
  "num_iters": 3,
  "warmup_iters": 1,
  "iters": [
    {
      "client_wall_s": 2.623248048010282,
      "prompt_n": 768,
      "prompt_ms": 2621.897,
      "prompt_per_second": 292.91768517222454,
      "predicted_n": 1,
      "predicted_ms": 0.001,
      "predicted_per_second": 0.0,
      "ttft_s": 2.621897
    },
    {
      "client_wall_s": 2.6191051519999746,
      "prompt_n": 768,
      "prompt_ms": 2617.748,
      "prompt_per_second": 293.38194509173536,
      "predicted_n": 1,
      "predicted_ms": 0.001,
      "predicted_per_second": 0.0,
      "ttft_s": 2.617748
    },
    {
      "client_wall_s": 2.60754779499257,
      "prompt_n": 768,
      "prompt_ms": 2606.169,
      "prompt_per_second": 294.6854175611789,
      "predicted_n": 1,
      "predicted_ms": 0.001,
      "predicted_per_second": 0.0,
      "ttft_s": 2.606169
    }
  ],
  "mean_ttft_s": 2.6152713333333337,
  "tok_s": 293.65977832255516
}
