[warmup 1/1] pp=4 tg=1
[measure 1/3] pp=4 tg=1
[measure 2/3] pp=4 tg=1
[measure 3/3] pp=4 tg=1
{
  "backend": "llamacpp",
  "url": "http://192.168.7.60:8080",
  "model": "default",
  "pp": 4,
  "tg": 1,
  "num_iters": 3,
  "warmup_iters": 1,
  "iters": [
    {
      "client_wall_s": 0.07157906697830185,
      "prompt_n": 4,
      "prompt_ms": 70.492,
      "prompt_per_second": 56.744027691085506,
      "predicted_n": 1,
      "predicted_ms": 0.001,
      "predicted_per_second": 0.0,
      "ttft_s": 0.070492
    },
    {
      "client_wall_s": 0.07164702098816633,
      "prompt_n": 4,
      "prompt_ms": 70.664,
      "prompt_per_second": 56.60590965696819,
      "predicted_n": 1,
      "predicted_ms": 0.001,
      "predicted_per_second": 0.0,
      "ttft_s": 0.070664
    },
    {
      "client_wall_s": 0.07154365800670348,
      "prompt_n": 4,
      "prompt_ms": 70.496,
      "prompt_per_second": 56.74080798910577,
      "predicted_n": 1,
      "predicted_ms": 0.001,
      "predicted_per_second": 0.0,
      "ttft_s": 0.07049599999999999
    }
  ],
  "mean_ttft_s": 0.07055066666666666,
  "tok_s": 56.696841985901386
}
