[warmup 1/1] pp=8 tg=1
[measure 1/3] pp=8 tg=1
[measure 2/3] pp=8 tg=1
[measure 3/3] pp=8 tg=1
{
  "backend": "llamacpp",
  "url": "http://192.168.7.60:8080",
  "model": "default",
  "pp": 8,
  "tg": 1,
  "num_iters": 3,
  "warmup_iters": 1,
  "iters": [
    {
      "client_wall_s": 0.0718155030044727,
      "prompt_n": 8,
      "prompt_ms": 70.786,
      "prompt_per_second": 113.01669821716159,
      "predicted_n": 1,
      "predicted_ms": 0.001,
      "predicted_per_second": 0.0,
      "ttft_s": 0.070786
    },
    {
      "client_wall_s": 0.0866808150021825,
      "prompt_n": 8,
      "prompt_ms": 85.67,
      "prompt_per_second": 93.38158048324968,
      "predicted_n": 1,
      "predicted_ms": 0.001,
      "predicted_per_second": 0.0,
      "ttft_s": 0.08567
    },
    {
      "client_wall_s": 0.07332394499098882,
      "prompt_n": 8,
      "prompt_ms": 72.231,
      "prompt_per_second": 110.75576968337695,
      "predicted_n": 1,
      "predicted_ms": 0.001,
      "predicted_per_second": 0.0,
      "ttft_s": 0.07223099999999999
    }
  ],
  "mean_ttft_s": 0.07622899999999999,
  "tok_s": 104.94693620538116
}
