[2026-09-24 07:27:44,382] turin-xcovoid0021-pod-5/INFO/locust.main: Starting Locust 2.46.6
[2026-09-24 07:27:44,392] turin-xcovoid0021-pod-5/INFO/locust.main: Run time limit set to 300 seconds
[2026-09-24 07:27:44,399] turin-xcovoid0021-pod-5/INFO/locust.runners: Ramping to 8 users at a rate of 1.00 per second
[2026-09-24 07:27:51,421] turin-xcovoid0021-pod-5/INFO/locust.runners: All users spawned: {"LLMUser": 8} (8 total users)
[2026-09-24 07:32:44,138] turin-xcovoid0021-pod-5/INFO/locust.main: --run-time limit reached, shutting down
[2026-09-24 07:32:44,410] turin-xcovoid0021-pod-5/INFO/locust.main: Shutting down (exit code 0)
Type     Name                                                                          # reqs      # fails |    Avg     Min     Max    Med |   req/s  failures/s
--------|----------------------------------------------------------------------------|-------|-------------|-------|-------|-------|-------|--------|-----------
POST     completion                                                                        51     0(0.00%) |  40937   37404   45688  41000 |    0.17        0.00
TPOT     completion                                                                        51     0(0.00%) |    299     270     330    300 |    0.17        0.00
TTFT     completion                                                                        51     0(0.00%) |   2956    2507    3853   2900 |    0.17        0.00
--------|----------------------------------------------------------------------------|-------|-------------|-------|-------|-------|-------|--------|-----------
         Aggregated                                                                       153     0(0.00%) |  14731     270   45688   2900 |    0.51        0.00

Response time percentiles (approximated)
Type     Name                                                                                  50%    66%    75%    80%    90%    95%    98%    99%  99.9% 99.99%   100% # reqs
--------|--------------------------------------------------------------------------------|--------|------|------|------|------|------|------|------|------|------|------|------
POST     completion                                                                          41000  41000  42000  42000  43000  45000  45000  46000  46000  46000  46000     51
TPOT     completion                                                                            300    300    300    300    320    330    330    330    330    330    330     51
TTFT     completion                                                                           2900   3000   3000   3000   3400   3600   3700   3900   3900   3900   3900     51
--------|--------------------------------------------------------------------------------|--------|------|------|------|------|------|------|------|------|------|------|------
         Aggregated                                                                           2900   3700  40000  41000  41000  42000  43000  45000  46000  46000  46000    153

