[2026-09-25 06:55:02,272] turin-xcovoid0021-pod-5/INFO/locust.main: Starting Locust 2.46.6
[2026-09-25 06:55:02,288] turin-xcovoid0021-pod-5/INFO/locust.main: Run time limit set to 300 seconds
[2026-09-25 06:55:02,300] turin-xcovoid0021-pod-5/INFO/locust.runners: Ramping to 12 users at a rate of 1.00 per second
[2026-09-25 06:55:13,412] turin-xcovoid0021-pod-5/INFO/locust.runners: All users spawned: {"LLMUser": 12} (12 total users)
[2026-09-25 07:00:02,025] turin-xcovoid0021-pod-5/INFO/locust.main: --run-time limit reached, shutting down
[2026-09-25 07:00:02,221] turin-xcovoid0021-pod-5/INFO/locust.main: Shutting down (exit code 0)
Type     Name                                                                          # reqs      # fails |    Avg     Min     Max    Med |   req/s  failures/s
--------|----------------------------------------------------------------------------|-------|-------------|-------|-------|-------|-------|--------|-----------
POST     completion                                                                        36     0(0.00%) |  82830   74306   96997  82000 |    0.13        0.00
TPOT     completion                                                                        36     0(0.00%) |    591     529     703    590 |    0.13        0.00
TTFT     completion                                                                        36     0(0.00%) |   7766    5983   11724   7500 |    0.13        0.00
--------|----------------------------------------------------------------------------|-------|-------------|-------|-------|-------|-------|--------|-----------
         Aggregated                                                                       108     0(0.00%) |  30395     529   96997   7500 |    0.38        0.00

Response time percentiles (approximated)
Type     Name                                                                                  50%    66%    75%    80%    90%    95%    98%    99%  99.9% 99.99%   100% # reqs
--------|--------------------------------------------------------------------------------|--------|------|------|------|------|------|------|------|------|------|------|------
POST     completion                                                                          82000  83000  84000  84000  90000  93000  97000  97000  97000  97000  97000     36
TPOT     completion                                                                            590    590    600    600    650    650    700    700    700    700    700     36
TTFT     completion                                                                           7500   7700   7800   7800  10000  11000  12000  12000  12000  12000  12000     36
--------|--------------------------------------------------------------------------------|--------|------|------|------|------|------|------|------|------|------|------|------
         Aggregated                                                                           7500  12000  81000  82000  83000  88000  91000  93000  97000  97000  97000    108

