[2026-09-24 09:00:22,960] turin-xcovoid0021-pod-5/INFO/locust.main: Starting Locust 2.46.6
[2026-09-24 09:00:22,972] turin-xcovoid0021-pod-5/INFO/locust.main: Run time limit set to 300 seconds
[2026-09-24 09:00:22,983] turin-xcovoid0021-pod-5/INFO/locust.runners: Ramping to 12 users at a rate of 1.00 per second
[2026-09-24 09:00:34,039] turin-xcovoid0021-pod-5/INFO/locust.runners: All users spawned: {"LLMUser": 12} (12 total users)
[2026-09-24 09:05:22,385] turin-xcovoid0021-pod-5/INFO/locust.main: --run-time limit reached, shutting down
[2026-09-24 09:05:22,621] turin-xcovoid0021-pod-5/INFO/locust.main: Shutting down (exit code 0)
Type     Name                                                                          # reqs      # fails |    Avg     Min     Max    Med |   req/s  failures/s
--------|----------------------------------------------------------------------------|-------|-------------|-------|-------|-------|-------|--------|-----------
POST     completion                                                                        49     0(0.00%) |  59175   50681   66946  58000 |    0.17        0.00
TPOT     completion                                                                        49     0(0.00%) |    430     365     491    420 |    0.17        0.00
TTFT     completion                                                                        49     0(0.00%) |   4456    3646    4909   4500 |    0.17        0.00
--------|----------------------------------------------------------------------------|-------|-------------|-------|-------|-------|-------|--------|-----------
         Aggregated                                                                       147     0(0.00%) |  21354     365   66946   4500 |    0.52        0.00

Response time percentiles (approximated)
Type     Name                                                                                  50%    66%    75%    80%    90%    95%    98%    99%  99.9% 99.99%   100% # reqs
--------|--------------------------------------------------------------------------------|--------|------|------|------|------|------|------|------|------|------|------|------
POST     completion                                                                          58000  61000  62000  65000  66000  66000  67000  67000  67000  67000  67000     49
TPOT     completion                                                                            420    440    460    480    480    480    490    490    490    490    490     49
TTFT     completion                                                                           4500   4600   4600   4700   4700   4800   4900   4900   4900   4900   4900     49
--------|--------------------------------------------------------------------------------|--------|------|------|------|------|------|------|------|------|------|------|------
         Aggregated                                                                           4500   4900  57000  58000  62000  65000  66000  66000  67000  67000  67000    147

