[2026-09-24 08:18:26,217] turin-xcovoid0021-pod-5/INFO/locust.main: Starting Locust 2.46.6
[2026-09-24 08:18:26,228] turin-xcovoid0021-pod-5/INFO/locust.main: Run time limit set to 300 seconds
[2026-09-24 08:18:26,242] turin-xcovoid0021-pod-5/INFO/locust.runners: Ramping to 4 users at a rate of 1.00 per second
[2026-09-24 08:18:29,244] turin-xcovoid0021-pod-5/INFO/locust.runners: All users spawned: {"LLMUser": 4} (4 total users)
[2026-09-24 08:23:25,747] turin-xcovoid0021-pod-5/INFO/locust.main: --run-time limit reached, shutting down
[2026-09-24 08:23:26,022] turin-xcovoid0021-pod-5/INFO/locust.main: Shutting down (exit code 0)
Type     Name                                                                          # reqs      # fails |    Avg     Min     Max    Med |   req/s  failures/s
--------|----------------------------------------------------------------------------|-------|-------------|-------|-------|-------|-------|--------|-----------
POST     completion                                                                        20     0(0.00%) |  51905   42952   59589  53000 |    0.07        0.00
TPOT     completion                                                                        20     0(0.00%) |    365     303     418    380 |    0.07        0.00
TTFT     completion                                                                        20     0(0.00%) |   5529    4085    7291   5500 |    0.07        0.00
--------|----------------------------------------------------------------------------|-------|-------------|-------|-------|-------|-------|--------|-----------
         Aggregated                                                                        60     0(0.00%) |  19266     303   59589   5500 |    0.21        0.00

Response time percentiles (approximated)
Type     Name                                                                                  50%    66%    75%    80%    90%    95%    98%    99%  99.9% 99.99%   100% # reqs
--------|--------------------------------------------------------------------------------|--------|------|------|------|------|------|------|------|------|------|------|------
POST     completion                                                                          53000  55000  58000  58000  59000  60000  60000  60000  60000  60000  60000     20
TPOT     completion                                                                            380    390    410    410    410    420    420    420    420    420    420     20
TTFT     completion                                                                           5500   6200   6200   6300   6500   7300   7300   7300   7300   7300   7300     20
--------|--------------------------------------------------------------------------------|--------|------|------|------|------|------|------|------|------|------|------|------
         Aggregated                                                                           5500   7300  49000  50000  58000  58000  59000  60000  60000  60000  60000     60

