[2026-09-24 06:51:10,163] turin-xcovoid0021-pod-5/INFO/locust.main: Starting Locust 2.46.6
[2026-09-24 06:51:10,177] turin-xcovoid0021-pod-5/INFO/locust.main: Run time limit set to 300 seconds
[2026-09-24 06:51:10,185] turin-xcovoid0021-pod-5/INFO/locust.runners: Ramping to 4 users at a rate of 1.00 per second
[2026-09-24 06:51:13,484] turin-xcovoid0021-pod-5/INFO/locust.runners: All users spawned: {"LLMUser": 4} (4 total users)
[2026-09-24 06:56:09,928] turin-xcovoid0021-pod-5/INFO/locust.main: --run-time limit reached, shutting down
[2026-09-24 06:56:10,127] turin-xcovoid0021-pod-5/INFO/locust.main: Shutting down (exit code 0)
Type     Name                                                                          # reqs      # fails |    Avg     Min     Max    Med |   req/s  failures/s
--------|----------------------------------------------------------------------------|-------|-------------|-------|-------|-------|-------|--------|-----------
POST     completion                                                                        28     0(0.00%) |  39213   35211   48070  38000 |    0.10        0.00
TPOT     completion                                                                        28     0(0.00%) |    283     257     351    270 |    0.10        0.00
TTFT     completion                                                                        28     0(0.00%) |   3243    2524    3706   3200 |    0.10        0.00
--------|----------------------------------------------------------------------------|-------|-------------|-------|-------|-------|-------|--------|-----------
         Aggregated                                                                        84     0(0.00%) |  14246     257   48070   3200 |    0.29        0.00

Response time percentiles (approximated)
Type     Name                                                                                  50%    66%    75%    80%    90%    95%    98%    99%  99.9% 99.99%   100% # reqs
--------|--------------------------------------------------------------------------------|--------|------|------|------|------|------|------|------|------|------|------|------
POST     completion                                                                          38000  39000  42000  42000  45000  48000  48000  48000  48000  48000  48000     28
TPOT     completion                                                                            270    280    300    300    330    350    350    350    350    350    350     28
TTFT     completion                                                                           3200   3300   3400   3400   3400   3400   3700   3700   3700   3700   3700     28
--------|--------------------------------------------------------------------------------|--------|------|------|------|------|------|------|------|------|------|------|------
         Aggregated                                                                           3200   3700  37000  37000  41000  42000  48000  48000  48000  48000  48000     84

