[2026-09-25 06:43:58,978] turin-xcovoid0021-pod-5/INFO/locust.main: Starting Locust 2.46.6
[2026-09-25 06:43:58,984] turin-xcovoid0021-pod-5/INFO/locust.main: Run time limit set to 300 seconds
[2026-09-25 06:43:58,991] turin-xcovoid0021-pod-5/INFO/locust.runners: Ramping to 4 users at a rate of 1.00 per second
[2026-09-25 06:44:01,995] turin-xcovoid0021-pod-5/INFO/locust.runners: All users spawned: {"LLMUser": 4} (4 total users)
[2026-09-25 06:48:58,632] turin-xcovoid0021-pod-5/INFO/locust.main: --run-time limit reached, shutting down
[2026-09-25 06:48:58,770] turin-xcovoid0021-pod-5/INFO/locust.main: Shutting down (exit code 0)
Type     Name                                                                          # reqs      # fails |    Avg     Min     Max    Med |   req/s  failures/s
--------|----------------------------------------------------------------------------|-------|-------------|-------|-------|-------|-------|--------|-----------
POST     completion                                                                        16     0(0.00%) |  63709   59241   65135  64000 |    0.06        0.00
TPOT     completion                                                                        16     0(0.00%) |    453     419     464    460 |    0.06        0.00
TTFT     completion                                                                        16     0(0.00%) |   6140    5875    6603   6100 |    0.06        0.00
--------|----------------------------------------------------------------------------|-------|-------------|-------|-------|-------|-------|--------|-----------
         Aggregated                                                                        48     0(0.00%) |  23434     419   65135   6100 |    0.17        0.00

Response time percentiles (approximated)
Type     Name                                                                                  50%    66%    75%    80%    90%    95%    98%    99%  99.9% 99.99%   100% # reqs
--------|--------------------------------------------------------------------------------|--------|------|------|------|------|------|------|------|------|------|------|------
POST     completion                                                                          64000  65000  65000  65000  65000  65000  65000  65000  65000  65000  65000     16
TPOT     completion                                                                            460    460    460    460    460    460    460    460    460    460    460     16
TTFT     completion                                                                           6100   6200   6200   6200   6500   6600   6600   6600   6600   6600   6600     16
--------|--------------------------------------------------------------------------------|--------|------|------|------|------|------|------|------|------|------|------|------
         Aggregated                                                                           6100   6600  64000  64000  65000  65000  65000  65000  65000  65000  65000     48

