[2026-09-23 09:34:54,934] turin-xcovoid0021-pod-5/INFO/locust.main: Starting Locust 2.46.6
[2026-09-23 09:34:54,937] turin-xcovoid0021-pod-5/INFO/locust.main: Run time limit set to 300 seconds
[2026-09-23 09:34:54,946] turin-xcovoid0021-pod-5/INFO/locust.runners: Ramping to 2 users at a rate of 1.00 per second
[2026-09-23 09:34:55,947] turin-xcovoid0021-pod-5/INFO/locust.runners: All users spawned: {"LLMUser": 2} (2 total users)
[2026-09-23 09:39:54,324] turin-xcovoid0021-pod-5/INFO/locust.main: --run-time limit reached, shutting down
[2026-09-23 09:39:54,607] turin-xcovoid0021-pod-5/INFO/locust.main: Shutting down (exit code 0)
Type     Name                                                                          # reqs      # fails |    Avg     Min     Max    Med |   req/s  failures/s
--------|----------------------------------------------------------------------------|-------|-------------|-------|-------|-------|-------|--------|-----------
POST     completion                                                                        10     0(0.00%) |  19052   18007   20199  20000 |    0.04        0.00
TPOT     completion                                                                        10     0(0.00%) |    136     128     145    140 |    0.04        0.00
TTFT     completion                                                                        10     0(0.00%) |   1705    1649    1783   1700 |    0.04        0.00
--------|----------------------------------------------------------------------------|-------|-------------|-------|-------|-------|-------|--------|-----------
         Aggregated                                                                        30     0(0.00%) |   6964     128   20199   1700 |    0.11        0.00

Response time percentiles (approximated)
Type     Name                                                                                  50%    66%    75%    80%    90%    95%    98%    99%  99.9% 99.99%   100% # reqs
--------|--------------------------------------------------------------------------------|--------|------|------|------|------|------|------|------|------|------|------|------
POST     completion                                                                          20000  20000  20000  20000  20000  20000  20000  20000  20000  20000  20000     10
TPOT     completion                                                                            140    140    140    140    150    150    150    150    150    150    150     10
TTFT     completion                                                                           1700   1700   1800   1800   1800   1800   1800   1800   1800   1800   1800     10
--------|--------------------------------------------------------------------------------|--------|------|------|------|------|------|------|------|------|------|------|------
         Aggregated                                                                           1700   1800  18000  19000  20000  20000  20000  20000  20000  20000  20000     30

