[2026-09-23 08:31:30,893] turin-xcovoid0021-pod-5/INFO/locust.main: Starting Locust 2.46.6
[2026-09-23 08:31:30,923] turin-xcovoid0021-pod-5/INFO/locust.main: Run time limit set to 300 seconds
[2026-09-23 08:31:30,936] turin-xcovoid0021-pod-5/INFO/locust.runners: Ramping to 2 users at a rate of 1.00 per second
[2026-09-23 08:31:31,936] turin-xcovoid0021-pod-5/INFO/locust.runners: All users spawned: {"LLMUser": 2} (2 total users)
[2026-09-23 08:36:30,228] turin-xcovoid0021-pod-5/INFO/locust.main: --run-time limit reached, shutting down
[2026-09-23 08:36:30,522] turin-xcovoid0021-pod-5/INFO/locust.main: Shutting down (exit code 0)
Type     Name                                                                          # reqs      # fails |    Avg     Min     Max    Med |   req/s  failures/s
--------|----------------------------------------------------------------------------|-------|-------------|-------|-------|-------|-------|--------|-----------
POST     completion                                                                        10     0(0.00%) |  18339   17018   19934  19000 |    0.04        0.00
TPOT     completion                                                                        10     0(0.00%) |    130     120     142    140 |    0.04        0.00
TTFT     completion                                                                        10     0(0.00%) |   1708    1543    1867   1700 |    0.04        0.00
--------|----------------------------------------------------------------------------|-------|-------------|-------|-------|-------|-------|--------|-----------
         Aggregated                                                                        30     0(0.00%) |   6726     120   19934   1700 |    0.11        0.00

Response time percentiles (approximated)
Type     Name                                                                                  50%    66%    75%    80%    90%    95%    98%    99%  99.9% 99.99%   100% # reqs
--------|--------------------------------------------------------------------------------|--------|------|------|------|------|------|------|------|------|------|------|------
POST     completion                                                                          19000  19000  19000  19000  20000  20000  20000  20000  20000  20000  20000     10
TPOT     completion                                                                            140    140    140    140    140    140    140    140    140    140    140     10
TTFT     completion                                                                           1700   1800   1800   1800   1900   1900   1900   1900   1900   1900   1900     10
--------|--------------------------------------------------------------------------------|--------|------|------|------|------|------|------|------|------|------|------|------
         Aggregated                                                                           1700   1900  18000  18000  19000  19000  20000  20000  20000  20000  20000     30

