[2026-09-23 09:40:25,489] turin-xcovoid0021-pod-5/INFO/locust.main: Starting Locust 2.46.6
[2026-09-23 09:40:25,506] turin-xcovoid0021-pod-5/INFO/locust.main: Run time limit set to 300 seconds
[2026-09-23 09:40:25,519] turin-xcovoid0021-pod-5/INFO/locust.runners: Ramping to 4 users at a rate of 1.00 per second
[2026-09-23 09:40:28,525] turin-xcovoid0021-pod-5/INFO/locust.runners: All users spawned: {"LLMUser": 4} (4 total users)
[2026-09-23 09:45:25,100] turin-xcovoid0021-pod-5/INFO/locust.main: --run-time limit reached, shutting down
[2026-09-23 09:45:25,338] turin-xcovoid0021-pod-5/INFO/locust.main: Shutting down (exit code 0)
Type     Name                                                                          # reqs      # fails |    Avg     Min     Max    Med |   req/s  failures/s
--------|----------------------------------------------------------------------------|-------|-------------|-------|-------|-------|-------|--------|-----------
POST     completion                                                                        20     0(0.00%) |  20542   18124   22594  21000 |    0.07        0.00
TPOT     completion                                                                        20     0(0.00%) |    148     131     165    150 |    0.07        0.00
TTFT     completion                                                                        20     0(0.00%) |   1729    1366    2807   1500 |    0.07        0.00
--------|----------------------------------------------------------------------------|-------|-------------|-------|-------|-------|-------|--------|-----------
         Aggregated                                                                        60     0(0.00%) |   7473     131   22594   1500 |    0.22        0.00

Response time percentiles (approximated)
Type     Name                                                                                  50%    66%    75%    80%    90%    95%    98%    99%  99.9% 99.99%   100% # reqs
--------|--------------------------------------------------------------------------------|--------|------|------|------|------|------|------|------|------|------|------|------
POST     completion                                                                          21000  21000  22000  22000  22000  23000  23000  23000  23000  23000  23000     20
TPOT     completion                                                                            150    150    160    160    160    170    170    170    170    170    170     20
TTFT     completion                                                                           1500   1600   1600   2600   2700   2800   2800   2800   2800   2800   2800     20
--------|--------------------------------------------------------------------------------|--------|------|------|------|------|------|------|------|------|------|------|------
         Aggregated                                                                           1500   2800  20000  21000  21000  22000  22000  23000  23000  23000  23000     60

