[2026-09-23 08:48:02,603] turin-xcovoid0021-pod-5/INFO/locust.main: Starting Locust 2.46.6
[2026-09-23 08:48:02,635] turin-xcovoid0021-pod-5/INFO/locust.main: Run time limit set to 300 seconds
[2026-09-23 08:48:02,657] turin-xcovoid0021-pod-5/INFO/locust.runners: Ramping to 12 users at a rate of 1.00 per second
[2026-09-23 08:48:13,686] turin-xcovoid0021-pod-5/INFO/locust.runners: All users spawned: {"LLMUser": 12} (12 total users)
[2026-09-23 08:53:02,315] turin-xcovoid0021-pod-5/INFO/locust.main: --run-time limit reached, shutting down
[2026-09-23 08:53:02,552] turin-xcovoid0021-pod-5/INFO/locust.main: Shutting down (exit code 0)
Type     Name                                                                          # reqs      # fails |    Avg     Min     Max    Med |   req/s  failures/s
--------|----------------------------------------------------------------------------|-------|-------------|-------|-------|-------|-------|--------|-----------
POST     completion                                                                        38     0(0.00%) |  68746    2094   75969  72000 |    0.13        0.00
TPOT     completion                                                                        37     0(0.00%) |    534     466     581    540 |    0.13        0.00
TTFT     completion                                                                        38     0(0.00%) |   2631    1558    4830   2400 |    0.13        0.00
--------|----------------------------------------------------------------------------|-------|-------------|-------|-------|-------|-------|--------|-----------
         Aggregated                                                                       113     0(0.00%) |  24178     466   75969   2400 |    0.39        0.00

Response time percentiles (approximated)
Type     Name                                                                                  50%    66%    75%    80%    90%    95%    98%    99%  99.9% 99.99%   100% # reqs
--------|--------------------------------------------------------------------------------|--------|------|------|------|------|------|------|------|------|------|------|------
POST     completion                                                                          72000  74000  74000  75000  76000  76000  76000  76000  76000  76000  76000     38
TPOT     completion                                                                            540    560    570    570    580    580    580    580    580    580    580     37
TTFT     completion                                                                           2400   2500   3200   3500   4200   4500   4800   4800   4800   4800   4800     38
--------|--------------------------------------------------------------------------------|--------|------|------|------|------|------|------|------|------|------|------|------
         Aggregated                                                                           2400   4500  66000  69000  74000  76000  76000  76000  76000  76000  76000    113

