[2026-09-23 09:13:48,398] turin-xcovoid0021-pod-5/INFO/locust.main: Starting Locust 2.46.6
[2026-09-23 09:13:48,480] turin-xcovoid0021-pod-5/INFO/locust.main: Run time limit set to 300 seconds
[2026-09-23 09:13:48,490] turin-xcovoid0021-pod-5/INFO/locust.runners: Ramping to 8 users at a rate of 1.00 per second
[2026-09-23 09:13:55,632] turin-xcovoid0021-pod-5/INFO/locust.runners: All users spawned: {"LLMUser": 8} (8 total users)
[2026-09-23 09:18:47,972] turin-xcovoid0021-pod-5/INFO/locust.main: --run-time limit reached, shutting down
[2026-09-23 09:18:48,199] turin-xcovoid0021-pod-5/INFO/locust.main: Shutting down (exit code 0)
Type     Name                                                                          # reqs      # fails |    Avg     Min     Max    Med |   req/s  failures/s
--------|----------------------------------------------------------------------------|-------|-------------|-------|-------|-------|-------|--------|-----------
POST     completion                                                                        40     0(0.00%) |  25622   19657   33554  26000 |    0.14        0.00
TPOT     completion                                                                        40     0(0.00%) |    178     140     249    170 |    0.14        0.00
TTFT     completion                                                                        40     0(0.00%) |   2968    1533    8419   1900 |    0.14        0.00
--------|----------------------------------------------------------------------------|-------|-------------|-------|-------|-------|-------|--------|-----------
         Aggregated                                                                       120     0(0.00%) |   9589     140   33554   1900 |    0.41        0.00

Response time percentiles (approximated)
Type     Name                                                                                  50%    66%    75%    80%    90%    95%    98%    99%  99.9% 99.99%   100% # reqs
--------|--------------------------------------------------------------------------------|--------|------|------|------|------|------|------|------|------|------|------|------
POST     completion                                                                          26000  27000  28000  29000  33000  34000  34000  34000  34000  34000  34000     40
TPOT     completion                                                                            170    180    200    210    220    250    250    250    250    250    250     40
TTFT     completion                                                                           1900   3700   3900   4200   5000   7400   8400   8400   8400   8400   8400     40
--------|--------------------------------------------------------------------------------|--------|------|------|------|------|------|------|------|------|------|------|------
         Aggregated                                                                           1900   8400  23000  24000  28000  32000  33000  34000  34000  34000  34000    120

