[2026-09-25 07:00:34,226] turin-xcovoid0021-pod-5/INFO/locust.main: Starting Locust 2.46.6
[2026-09-25 07:00:34,242] turin-xcovoid0021-pod-5/INFO/locust.main: Run time limit set to 300 seconds
[2026-09-25 07:00:34,254] turin-xcovoid0021-pod-5/INFO/locust.runners: Ramping to 16 users at a rate of 1.00 per second
[2026-09-25 07:00:49,415] turin-xcovoid0021-pod-5/INFO/locust.runners: All users spawned: {"LLMUser": 16} (16 total users)
[2026-09-25 07:05:33,956] turin-xcovoid0021-pod-5/INFO/locust.main: --run-time limit reached, shutting down
[2026-09-25 07:05:34,092] turin-xcovoid0021-pod-5/INFO/locust.main: Shutting down (exit code 0)
Type     Name                                                                          # reqs      # fails |    Avg     Min     Max    Med |   req/s  failures/s
--------|----------------------------------------------------------------------------|-------|-------------|-------|-------|-------|-------|--------|-----------
POST     completion                                                                        32     0(0.00%) | 117764   78393  152649 138000 |    0.11        0.00
TPOT     completion                                                                        32     0(0.00%) |    868     557    1143   1000 |    0.11        0.00
TTFT     completion                                                                        32     0(0.00%) |   7440    5702    9926   7400 |    0.11        0.00
--------|----------------------------------------------------------------------------|-------|-------------|-------|-------|-------|-------|--------|-----------
         Aggregated                                                                        96     0(0.00%) |  42024     557  152649   7400 |    0.34        0.00

Response time percentiles (approximated)
Type     Name                                                                                  50%    66%    75%    80%    90%    95%    98%    99%  99.9% 99.99%   100% # reqs
--------|--------------------------------------------------------------------------------|--------|------|------|------|------|------|------|------|------|------|------|------
POST     completion                                                                         138000 143000 145000 145000 146000 152000 153000 153000 153000 153000 153000     32
TPOT     completion                                                                           1000   1100   1100   1100   1100   1100   1100   1100   1100   1100   1100     32
TTFT     completion                                                                           7400   7700   7800   7800   8200   9300   9900   9900   9900   9900   9900     32
--------|--------------------------------------------------------------------------------|--------|------|------|------|------|------|------|------|------|------|------|------
         Aggregated                                                                           7400   9900  92000  94000 144000 146000 152000 153000 153000 153000 153000     96

