[2026-09-23 09:24:49,878] turin-xcovoid0021-pod-5/INFO/locust.main: Starting Locust 2.46.6
[2026-09-23 09:24:49,889] turin-xcovoid0021-pod-5/INFO/locust.main: Run time limit set to 300 seconds
[2026-09-23 09:24:49,899] turin-xcovoid0021-pod-5/INFO/locust.runners: Ramping to 16 users at a rate of 1.00 per second
[2026-09-23 09:25:05,397] turin-xcovoid0021-pod-5/INFO/locust.runners: All users spawned: {"LLMUser": 16} (16 total users)
[2026-09-23 09:29:49,565] turin-xcovoid0021-pod-5/INFO/locust.main: --run-time limit reached, shutting down
[2026-09-23 09:29:49,754] turin-xcovoid0021-pod-5/INFO/locust.main: Shutting down (exit code 0)
Type     Name                                                                          # reqs      # fails |    Avg     Min     Max    Med |   req/s  failures/s
--------|----------------------------------------------------------------------------|-------|-------------|-------|-------|-------|-------|--------|-----------
POST     completion                                                                        70     0(0.00%) |  38827   25555   49402  39000 |    0.24        0.00
TPOT     completion                                                                        70     0(0.00%) |    283     182     374    280 |    0.24        0.00
TTFT     completion                                                                        70     0(0.00%) |   2792    1800    7858   2400 |    0.24        0.00
--------|----------------------------------------------------------------------------|-------|-------------|-------|-------|-------|-------|--------|-----------
         Aggregated                                                                       210     0(0.00%) |  13967     182   49402   2400 |    0.73        0.00

Response time percentiles (approximated)
Type     Name                                                                                  50%    66%    75%    80%    90%    95%    98%    99%  99.9% 99.99%   100% # reqs
--------|--------------------------------------------------------------------------------|--------|------|------|------|------|------|------|------|------|------|------|------
POST     completion                                                                          39000  42000  44000  45000  47000  48000  49000  49000  49000  49000  49000     70
TPOT     completion                                                                            280    300    310    320    350    360    370    370    370    370    370     70
TTFT     completion                                                                           2400   3100   3500   3500   4000   5900   6900   7900   7900   7900   7900     70
--------|--------------------------------------------------------------------------------|--------|------|------|------|------|------|------|------|------|------|------|------
         Aggregated                                                                           2400   6900  35000  37000  42000  46000  48000  49000  49000  49000  49000    210

