[2026-09-24 07:33:15,356] turin-xcovoid0021-pod-5/INFO/locust.main: Starting Locust 2.46.6
[2026-09-24 07:33:15,373] turin-xcovoid0021-pod-5/INFO/locust.main: Run time limit set to 300 seconds
[2026-09-24 07:33:15,381] turin-xcovoid0021-pod-5/INFO/locust.runners: Ramping to 12 users at a rate of 1.00 per second
[2026-09-24 07:33:26,427] turin-xcovoid0021-pod-5/INFO/locust.runners: All users spawned: {"LLMUser": 12} (12 total users)
[2026-09-24 07:38:15,085] turin-xcovoid0021-pod-5/INFO/locust.main: --run-time limit reached, shutting down
[2026-09-24 07:38:15,238] turin-xcovoid0021-pod-5/INFO/locust.main: Shutting down (exit code 0)
Type     Name                                                                          # reqs      # fails |    Avg     Min     Max    Med |   req/s  failures/s
--------|----------------------------------------------------------------------------|-------|-------------|-------|-------|-------|-------|--------|-----------
POST     completion                                                                        66     0(0.00%) |  46304   41598   50411  46000 |    0.22        0.00
TPOT     completion                                                                        66     0(0.00%) |    341     304     373    340 |    0.22        0.00
TTFT     completion                                                                        66     0(0.00%) |   2942    2597    5003   2900 |    0.22        0.00
--------|----------------------------------------------------------------------------|-------|-------------|-------|-------|-------|-------|--------|-----------
         Aggregated                                                                       198     0(0.00%) |  16529     304   50411   2900 |    0.67        0.00

Response time percentiles (approximated)
Type     Name                                                                                  50%    66%    75%    80%    90%    95%    98%    99%  99.9% 99.99%   100% # reqs
--------|--------------------------------------------------------------------------------|--------|------|------|------|------|------|------|------|------|------|------|------
POST     completion                                                                          46000  47000  48000  49000  50000  50000  50000  50000  50000  50000  50000     66
TPOT     completion                                                                            340    350    360    360    370    370    370    370    370    370    370     66
TTFT     completion                                                                           2900   2900   3000   3000   3000   3100   4500   5000   5000   5000   5000     66
--------|--------------------------------------------------------------------------------|--------|------|------|------|------|------|------|------|------|------|------|------
         Aggregated                                                                           2900   4500  45000  46000  47000  49000  50000  50000  50000  50000  50000    198

