[warmup 1/1] pp=2 tg=1
[measure 1/3] pp=2 tg=1
[measure 2/3] pp=2 tg=1
[measure 3/3] pp=2 tg=1
{
  "backend": "llamacpp",
  "url": "http://192.168.7.40:8080",
  "model": "default",
  "pp": 2,
  "tg": 1,
  "num_iters": 3,
  "warmup_iters": 1,
  "iters": [
    {
      "client_wall_s": 0.12363895797170699,
      "prompt_n": 2,
      "prompt_ms": 122.579,
      "prompt_per_second": 16.31600845169238,
      "predicted_n": 1,
      "predicted_ms": 0.001,
      "predicted_per_second": 0.0,
      "ttft_s": 0.122579
    },
    {
      "client_wall_s": 0.12370440899394453,
      "prompt_n": 2,
      "prompt_ms": 122.695,
      "prompt_per_second": 16.300582745833164,
      "predicted_n": 1,
      "predicted_ms": 0.001,
      "predicted_per_second": 0.0,
      "ttft_s": 0.122695
    },
    {
      "client_wall_s": 0.12473345804028213,
      "prompt_n": 2,
      "prompt_ms": 123.641,
      "prompt_per_second": 16.175863993335543,
      "predicted_n": 1,
      "predicted_ms": 0.001,
      "predicted_per_second": 0.0,
      "ttft_s": 0.123641
    }
  ],
  "mean_ttft_s": 0.12297166666666666,
  "tok_s": 16.26390903053549
}
