[warmup 1/1] pp=384 tg=1
[measure 1/3] pp=384 tg=1
[measure 2/3] pp=384 tg=1
[measure 3/3] pp=384 tg=1
{
  "backend": "llamacpp",
  "url": "http://192.168.7.40:8080",
  "model": "default",
  "pp": 384,
  "tg": 1,
  "num_iters": 3,
  "warmup_iters": 1,
  "iters": [
    {
      "client_wall_s": 0.60628652991727,
      "prompt_n": 384,
      "prompt_ms": 594.122,
      "prompt_per_second": 646.3318981623304,
      "predicted_n": 1,
      "predicted_ms": 0.001,
      "predicted_per_second": 0.0,
      "ttft_s": 0.5941219999999999
    },
    {
      "client_wall_s": 0.6227947580628097,
      "prompt_n": 384,
      "prompt_ms": 610.666,
      "prompt_per_second": 628.8216471852043,
      "predicted_n": 1,
      "predicted_ms": 0.001,
      "predicted_per_second": 0.0,
      "ttft_s": 0.610666
    },
    {
      "client_wall_s": 0.6084331630263478,
      "prompt_n": 384,
      "prompt_ms": 596.298,
      "prompt_per_second": 643.973315355745,
      "predicted_n": 1,
      "predicted_ms": 0.001,
      "predicted_per_second": 0.0,
      "ttft_s": 0.596298
    }
  ],
  "mean_ttft_s": 0.600362,
  "tok_s": 639.6140994933057
}
