[warmup 1/1] pp=2048 tg=1
[measure 1/3] pp=2048 tg=1
[measure 2/3] pp=2048 tg=1
[measure 3/3] pp=2048 tg=1
{
  "backend": "llamacpp",
  "url": "http://192.168.7.40:8080",
  "model": "default",
  "pp": 2048,
  "tg": 1,
  "num_iters": 3,
  "warmup_iters": 1,
  "iters": [
    {
      "client_wall_s": 3.3824367520865053,
      "prompt_n": 2048,
      "prompt_ms": 3322.897,
      "prompt_per_second": 616.3296665530108,
      "predicted_n": 1,
      "predicted_ms": 0.001,
      "predicted_per_second": 0.0,
      "ttft_s": 3.3228969999999998
    },
    {
      "client_wall_s": 3.3714830190874636,
      "prompt_n": 2048,
      "prompt_ms": 3313.899,
      "prompt_per_second": 618.0031437288825,
      "predicted_n": 1,
      "predicted_ms": 0.001,
      "predicted_per_second": 0.0,
      "ttft_s": 3.3138989999999997
    },
    {
      "client_wall_s": 3.3682616441510618,
      "prompt_n": 2048,
      "prompt_ms": 3310.367,
      "prompt_per_second": 618.6625229166433,
      "predicted_n": 1,
      "predicted_ms": 0.001,
      "predicted_per_second": 0.0,
      "ttft_s": 3.3103670000000003
    }
  ],
  "mean_ttft_s": 3.315721,
  "tok_s": 617.6635488932875
}
