[warmup 1/1] pp=32 tg=1
[measure 1/3] pp=32 tg=1
[measure 2/3] pp=32 tg=1
[measure 3/3] pp=32 tg=1
{
  "backend": "llamacpp",
  "url": "http://192.168.7.40:8080",
  "model": "default",
  "pp": 32,
  "tg": 1,
  "num_iters": 3,
  "warmup_iters": 1,
  "iters": [
    {
      "client_wall_s": 0.14932295493781567,
      "prompt_n": 32,
      "prompt_ms": 147.398,
      "prompt_per_second": 217.0992822154982,
      "predicted_n": 1,
      "predicted_ms": 0.001,
      "predicted_per_second": 0.0,
      "ttft_s": 0.147398
    },
    {
      "client_wall_s": 0.14946945710107684,
      "prompt_n": 32,
      "prompt_ms": 147.569,
      "prompt_per_second": 216.84771191781473,
      "predicted_n": 1,
      "predicted_ms": 0.001,
      "predicted_per_second": 0.0,
      "ttft_s": 0.14756899999999998
    },
    {
      "client_wall_s": 0.1494216308929026,
      "prompt_n": 32,
      "prompt_ms": 147.429,
      "prompt_per_second": 217.05363259602927,
      "predicted_n": 1,
      "predicted_ms": 0.001,
      "predicted_per_second": 0.0,
      "ttft_s": 0.147429
    }
  ],
  "mean_ttft_s": 0.14746533333333334,
  "tok_s": 217.0001537084422
}
