[warmup 1/1] pp=4096 tg=1
[measure 1/3] pp=4096 tg=1
[measure 2/3] pp=4096 tg=1
[measure 3/3] pp=4096 tg=1
{
  "backend": "llamacpp",
  "url": "http://192.168.7.40:8080",
  "model": "default",
  "pp": 4096,
  "tg": 1,
  "num_iters": 3,
  "warmup_iters": 1,
  "iters": [
    {
      "client_wall_s": 7.509996240958571,
      "prompt_n": 4096,
      "prompt_ms": 7397.443,
      "prompt_per_second": 553.7048409835669,
      "predicted_n": 1,
      "predicted_ms": 0.001,
      "predicted_per_second": 0.0,
      "ttft_s": 7.397443
    },
    {
      "client_wall_s": 7.511263348860666,
      "prompt_n": 4096,
      "prompt_ms": 7398.333,
      "prompt_per_second": 553.6382317476113,
      "predicted_n": 1,
      "predicted_ms": 0.001,
      "predicted_per_second": 0.0,
      "ttft_s": 7.398333
    },
    {
      "client_wall_s": 7.524022754048929,
      "prompt_n": 4096,
      "prompt_ms": 7411.301,
      "prompt_per_second": 552.6694975686455,
      "predicted_n": 1,
      "predicted_ms": 0.001,
      "predicted_per_second": 0.0,
      "ttft_s": 7.411301000000001
    }
  ],
  "mean_ttft_s": 7.402359000000001,
  "tok_s": 553.337118613134
}
