[warmup 1/1] pp=1024 tg=1
[measure 1/3] pp=1024 tg=1
[measure 2/3] pp=1024 tg=1
[measure 3/3] pp=1024 tg=1
{
  "backend": "llamacpp",
  "url": "http://192.168.7.40:8080",
  "model": "default",
  "pp": 1024,
  "tg": 1,
  "num_iters": 3,
  "warmup_iters": 1,
  "iters": [
    {
      "client_wall_s": 1.589923021150753,
      "prompt_n": 1024,
      "prompt_ms": 1560.131,
      "prompt_per_second": 656.3551394081651,
      "predicted_n": 1,
      "predicted_ms": 0.001,
      "predicted_per_second": 0.0,
      "ttft_s": 1.5601310000000002
    },
    {
      "client_wall_s": 1.5913115069270134,
      "prompt_n": 1024,
      "prompt_ms": 1561.14,
      "prompt_per_second": 655.9309222747479,
      "predicted_n": 1,
      "predicted_ms": 0.001,
      "predicted_per_second": 0.0,
      "ttft_s": 1.5611400000000002
    },
    {
      "client_wall_s": 1.5892476390581578,
      "prompt_n": 1024,
      "prompt_ms": 1559.236,
      "prompt_per_second": 656.7318866419195,
      "predicted_n": 1,
      "predicted_ms": 0.001,
      "predicted_per_second": 0.0,
      "ttft_s": 1.559236
    }
  ],
  "mean_ttft_s": 1.5601690000000001,
  "tok_s": 656.3391530020144
}
