[2026-09-24 07:02:11,715] turin-xcovoid0021-pod-5/INFO/locust.main: Starting Locust 2.46.6
[2026-09-24 07:02:11,722] turin-xcovoid0021-pod-5/INFO/locust.main: Run time limit set to 300 seconds
[2026-09-24 07:02:11,728] turin-xcovoid0021-pod-5/INFO/locust.runners: Ramping to 12 users at a rate of 1.00 per second
[2026-09-24 07:02:22,762] turin-xcovoid0021-pod-5/INFO/locust.runners: All users spawned: {"LLMUser": 12} (12 total users)
[2026-09-24 07:07:11,518] turin-xcovoid0021-pod-5/INFO/locust.main: --run-time limit reached, shutting down
[2026-09-24 07:07:11,690] turin-xcovoid0021-pod-5/INFO/locust.main: Shutting down (exit code 0)
Type     Name                                                                          # reqs      # fails |    Avg     Min     Max    Med |   req/s  failures/s
--------|----------------------------------------------------------------------------|-------|-------------|-------|-------|-------|-------|--------|-----------
POST     completion                                                                        47     0(0.00%) |  61846   44385   87073  59000 |    0.16        0.00
TPOT     completion                                                                        47     0(0.00%) |    458     324     657    440 |    0.16        0.00
TTFT     completion                                                                        47     0(0.00%) |   3673    2998    6410   3500 |    0.16        0.00
--------|----------------------------------------------------------------------------|-------|-------------|-------|-------|-------|-------|--------|-----------
         Aggregated                                                                       141     0(0.00%) |  21992     324   87073   3500 |    0.47        0.00

Response time percentiles (approximated)
Type     Name                                                                                  50%    66%    75%    80%    90%    95%    98%    99%  99.9% 99.99%   100% # reqs
--------|--------------------------------------------------------------------------------|--------|------|------|------|------|------|------|------|------|------|------|------
POST     completion                                                                          59000  71000  72000  75000  78000  80000  87000  87000  87000  87000  87000     47
TPOT     completion                                                                            440    530    540    560    580    590    660    660    660    660    660     47
TTFT     completion                                                                           3500   3700   3900   3900   4100   4200   6400   6400   6400   6400   6400     47
--------|--------------------------------------------------------------------------------|--------|------|------|------|------|------|------|------|------|------|------|------
         Aggregated                                                                           3500   6400  50000  57000  71000  75000  80000  86000  87000  87000  87000    141

